
*** Running vivado
    with args -log test_wrapper.vdi -applog -m64 -product Vivado -messageDb vivado.pb -mode batch -source test_wrapper.tcl -notrace



****** Vivado v2024.2.2 (64-bit)
  **** SW Build 6060944 on Thu Mar 06 19:10:01 MST 2025
  **** IP Build 6050500 on Thu Mar  6 23:33:39 MST 2025
  **** SharedData Build 6060542 on Thu Mar 06 10:31:07 MST 2025
  **** Start of session at: Mon May  4 10:28:44 2026
    ** Copyright 1986-2022 Xilinx, Inc. All Rights Reserved.
    ** Copyright 2022-2025 Advanced Micro Devices, Inc. All Rights Reserved.

source test_wrapper.tcl -notrace
create_project: Time (s): cpu = 00:00:08 ; elapsed = 00:00:08 . Memory (MB): peak = 643.805 ; gain = 204.262
INFO: [IP_Flow 19-234] Refreshing IP repositories
INFO: [IP_Flow 19-1704] No user IP repositories specified
INFO: [IP_Flow 19-2313] Loaded Vivado IP repository 'E:/Xilinx/Vivado/2024.2/data/ip'.
Command: link_design -top test_wrapper -part xc7z020clg400-1
Design is defaulting to srcset: sources_1
Design is defaulting to constrset: constrs_1
INFO: [Device 21-403] Loading part xc7z020clg400-1
INFO: [Project 1-454] Reading design checkpoint 'd:/Nhung/FPGA/Track/Track.gen/sources_1/bd/test/ip/test_clk_wiz_0_0/test_clk_wiz_0_0.dcp' for cell 'test_i/clk_wiz_0'
INFO: [Project 1-454] Reading design checkpoint 'd:/Nhung/FPGA/Track/Track.gen/sources_1/bd/test/ip/test_controller_0_0/test_controller_0_0.dcp' for cell 'test_i/controller_0'
INFO: [Project 1-454] Reading design checkpoint 'd:/Nhung/FPGA/Track/Track.gen/sources_1/bd/test/ip/test_discriminator_0_0/test_discriminator_0_0.dcp' for cell 'test_i/discriminator_0'
INFO: [Project 1-454] Reading design checkpoint 'd:/Nhung/FPGA/Track/Track.gen/sources_1/bd/test/ip/test_processing_system7_0_0/test_processing_system7_0_0.dcp' for cell 'test_i/processing_system7_0'
INFO: [Project 1-454] Reading design checkpoint 'd:/Nhung/FPGA/Track/Track.gen/sources_1/bd/test/ip/test_pulse_gen_0_0/test_pulse_gen_0_0.dcp' for cell 'test_i/pulse_gen_0'
INFO: [Project 1-454] Reading design checkpoint 'd:/Nhung/FPGA/Track/Track.gen/sources_1/bd/test/ip/test_sync_0_0/test_sync_0_0.dcp' for cell 'test_i/sync_0'
INFO: [Project 1-454] Reading design checkpoint 'd:/Nhung/FPGA/Track/Track.gen/sources_1/bd/test/ip/test_target_0_0/test_target_0_0.dcp' for cell 'test_i/target_0'
Netlist sorting complete. Time (s): cpu = 00:00:00 ; elapsed = 00:00:00.028 . Memory (MB): peak = 909.059 ; gain = 0.000
INFO: [Netlist 29-17] Analyzing 284 Unisim elements for replacement
INFO: [Netlist 29-28] Unisim Transformation completed in 0 CPU seconds
INFO: [Project 1-479] Netlist was created with Vivado 2024.2.2
INFO: [Project 1-570] Preparing netlist for logic optimization
WARNING: [Opt 31-32] Removing redundant IBUF since it is not being driven by a top-level port. test_i/clk_wiz_0/inst/clkin1_ibufg 
Resolution: The tool has removed redundant IBUF. To resolve this warning, check for redundant IBUF in the input design.
WARNING: [Constraints 18-550] Could not create 'IBUF_LOW_PWR' constraint because net 'test_i/clk_wiz_0/clk_in1' is not directly connected to top level port. 'IBUF_LOW_PWR' is ignored for synthesis but preserved for implementation.
Parsing XDC File [d:/Nhung/FPGA/Track/Track.gen/sources_1/bd/test/ip/test_processing_system7_0_0/test_processing_system7_0_0.xdc] for cell 'test_i/processing_system7_0/inst'
Finished Parsing XDC File [d:/Nhung/FPGA/Track/Track.gen/sources_1/bd/test/ip/test_processing_system7_0_0/test_processing_system7_0_0.xdc] for cell 'test_i/processing_system7_0/inst'
Parsing XDC File [d:/Nhung/FPGA/Track/Track.gen/sources_1/bd/test/ip/test_clk_wiz_0_0/test_clk_wiz_0_0_board.xdc] for cell 'test_i/clk_wiz_0/inst'
Finished Parsing XDC File [d:/Nhung/FPGA/Track/Track.gen/sources_1/bd/test/ip/test_clk_wiz_0_0/test_clk_wiz_0_0_board.xdc] for cell 'test_i/clk_wiz_0/inst'
Parsing XDC File [d:/Nhung/FPGA/Track/Track.gen/sources_1/bd/test/ip/test_clk_wiz_0_0/test_clk_wiz_0_0.xdc] for cell 'test_i/clk_wiz_0/inst'
INFO: [Timing 38-35] Done setting XDC timing constraints. [d:/Nhung/FPGA/Track/Track.gen/sources_1/bd/test/ip/test_clk_wiz_0_0/test_clk_wiz_0_0.xdc:54]
INFO: [Timing 38-2] Deriving generated clocks [d:/Nhung/FPGA/Track/Track.gen/sources_1/bd/test/ip/test_clk_wiz_0_0/test_clk_wiz_0_0.xdc:54]
get_clocks: Time (s): cpu = 00:00:07 ; elapsed = 00:00:08 . Memory (MB): peak = 1621.227 ; gain = 570.348
Finished Parsing XDC File [d:/Nhung/FPGA/Track/Track.gen/sources_1/bd/test/ip/test_clk_wiz_0_0/test_clk_wiz_0_0.xdc] for cell 'test_i/clk_wiz_0/inst'
Parsing XDC File [D:/Nhung/FPGA/Track/Track.srcs/constrs_1/new/pin_test.xdc]
Finished Parsing XDC File [D:/Nhung/FPGA/Track/Track.srcs/constrs_1/new/pin_test.xdc]
INFO: [Opt 31-138] Pushed 0 inverter(s) to 0 load pin(s).
Netlist sorting complete. Time (s): cpu = 00:00:00 ; elapsed = 00:00:00.001 . Memory (MB): peak = 1621.227 ; gain = 0.000
INFO: [Project 1-111] Unisim Transformation Summary:
No Unisim elements were transformed.

19 Infos, 2 Warnings, 0 Critical Warnings and 0 Errors encountered.
link_design completed successfully
link_design: Time (s): cpu = 00:00:15 ; elapsed = 00:00:17 . Memory (MB): peak = 1621.227 ; gain = 955.504
Command: opt_design
Attempting to get a license for feature 'Implementation' and/or device 'xc7z020'
INFO: [Common 17-349] Got license for feature 'Implementation' and/or device 'xc7z020'
Running DRC as a precondition to command opt_design

Starting DRC Task
INFO: [DRC 23-27] Running DRC with 2 threads
INFO: [Project 1-461] DRC finished with 0 Errors
INFO: [Project 1-462] Please refer to the DRC report (report_drc) for more information.

Time (s): cpu = 00:00:03 ; elapsed = 00:00:02 . Memory (MB): peak = 1621.227 ; gain = 0.000

Starting Cache Timing Information Task
INFO: [Timing 38-35] Done setting XDC timing constraints.
Ending Cache Timing Information Task | Checksum: 252846779

Time (s): cpu = 00:00:01 ; elapsed = 00:00:00.119 . Memory (MB): peak = 1652.410 ; gain = 31.184

Starting Logic Optimization Task

Phase 1 Initialization

Phase 1.1 Core Generation And Design Setup
Phase 1.1 Core Generation And Design Setup | Checksum: 252846779

Time (s): cpu = 00:00:00 ; elapsed = 00:00:00.008 . Memory (MB): peak = 2043.312 ; gain = 0.000

Phase 1.2 Setup Constraints And Sort Netlist
Phase 1.2 Setup Constraints And Sort Netlist | Checksum: 252846779

Time (s): cpu = 00:00:00 ; elapsed = 00:00:00.015 . Memory (MB): peak = 2043.312 ; gain = 0.000
Phase 1 Initialization | Checksum: 252846779

Time (s): cpu = 00:00:00 ; elapsed = 00:00:00.019 . Memory (MB): peak = 2043.312 ; gain = 0.000

Phase 2 Timer Update And Timing Data Collection

Phase 2.1 Timer Update
Phase 2.1 Timer Update | Checksum: 252846779

Time (s): cpu = 00:00:00 ; elapsed = 00:00:00.086 . Memory (MB): peak = 2043.312 ; gain = 0.000

Phase 2.2 Timing Data Collection
Phase 2.2 Timing Data Collection | Checksum: 252846779

Time (s): cpu = 00:00:00 ; elapsed = 00:00:00.112 . Memory (MB): peak = 2043.312 ; gain = 0.000
Phase 2 Timer Update And Timing Data Collection | Checksum: 252846779

Time (s): cpu = 00:00:00 ; elapsed = 00:00:00.115 . Memory (MB): peak = 2043.312 ; gain = 0.000

Phase 3 Retarget
INFO: [Opt 31-1851] Number of loadless carry chains removed were: 0
INFO: [Opt 31-1834] Total Chains To Be Transformed Were: 0 AND Number of Transformed insts Created are: 0
INFO: [Opt 31-138] Pushed 1 inverter(s) to 1 load pin(s).
INFO: [Opt 31-49] Retargeted 0 cell(s).
Phase 3 Retarget | Checksum: 228e9b5b0

Time (s): cpu = 00:00:00 ; elapsed = 00:00:00.200 . Memory (MB): peak = 2043.312 ; gain = 0.000
Retarget | Checksum: 228e9b5b0
INFO: [Opt 31-389] Phase Retarget created 0 cells and removed 25 cells

Phase 4 Constant propagation
INFO: [Opt 31-138] Pushed 0 inverter(s) to 0 load pin(s).
Phase 4 Constant propagation | Checksum: 211848b93

Time (s): cpu = 00:00:00 ; elapsed = 00:00:00.227 . Memory (MB): peak = 2043.312 ; gain = 0.000
Constant propagation | Checksum: 211848b93
INFO: [Opt 31-389] Phase Constant propagation created 0 cells and removed 0 cells

Phase 5 Sweep
INFO: [Constraints 18-11670] Building netlist checker database with flags, 0x8
Done building netlist checker database: Time (s): cpu = 00:00:00 ; elapsed = 00:00:00.001 . Memory (MB): peak = 2043.312 ; gain = 0.000
INFO: [Constraints 18-11670] Building netlist checker database with flags, 0x8
Done building netlist checker database: Time (s): cpu = 00:00:00 ; elapsed = 00:00:00 . Memory (MB): peak = 2043.312 ; gain = 0.000
Phase 5 Sweep | Checksum: 2f73a4d1a

Time (s): cpu = 00:00:01 ; elapsed = 00:00:00.355 . Memory (MB): peak = 2043.312 ; gain = 0.000
Sweep | Checksum: 2f73a4d1a
INFO: [Opt 31-389] Phase Sweep created 0 cells and removed 463 cells
INFO: [Opt 31-1021] In phase Sweep, 1 netlist objects are constrained preventing optimization. Please run opt_design with -debug_log to get more detail. 

Phase 6 BUFG optimization
Phase 6 BUFG optimization | Checksum: 2f73a4d1a

Time (s): cpu = 00:00:01 ; elapsed = 00:00:00.422 . Memory (MB): peak = 2043.312 ; gain = 0.000
BUFG optimization | Checksum: 2f73a4d1a
INFO: [Opt 31-662] Phase BUFG optimization created 0 cells of which 0 are BUFGs and removed 0 cells.

Phase 7 Shift Register Optimization
INFO: [Opt 31-1064] SRL Remap converted 0 SRLs to 0 registers and converted 0 registers of register chains to 0 SRLs
Phase 7 Shift Register Optimization | Checksum: 2f73a4d1a

Time (s): cpu = 00:00:01 ; elapsed = 00:00:00.431 . Memory (MB): peak = 2043.312 ; gain = 0.000
Shift Register Optimization | Checksum: 2f73a4d1a
INFO: [Opt 31-389] Phase Shift Register Optimization created 0 cells and removed 0 cells

Phase 8 Post Processing Netlist
Phase 8 Post Processing Netlist | Checksum: 2f73a4d1a

Time (s): cpu = 00:00:01 ; elapsed = 00:00:00.444 . Memory (MB): peak = 2043.312 ; gain = 0.000
Post Processing Netlist | Checksum: 2f73a4d1a
INFO: [Opt 31-389] Phase Post Processing Netlist created 0 cells and removed 0 cells

Phase 9 Finalization

Phase 9.1 Finalizing Design Cores and Updating Shapes
Phase 9.1 Finalizing Design Cores and Updating Shapes | Checksum: 22d1b604f

Time (s): cpu = 00:00:01 ; elapsed = 00:00:00.545 . Memory (MB): peak = 2043.312 ; gain = 0.000

Phase 9.2 Verifying Netlist Connectivity

Starting Connectivity Check Task

Time (s): cpu = 00:00:00 ; elapsed = 00:00:00.013 . Memory (MB): peak = 2043.312 ; gain = 0.000
Phase 9.2 Verifying Netlist Connectivity | Checksum: 22d1b604f

Time (s): cpu = 00:00:01 ; elapsed = 00:00:00.561 . Memory (MB): peak = 2043.312 ; gain = 0.000
Phase 9 Finalization | Checksum: 22d1b604f

Time (s): cpu = 00:00:01 ; elapsed = 00:00:00.565 . Memory (MB): peak = 2043.312 ; gain = 0.000
Opt_design Change Summary
=========================


-------------------------------------------------------------------------------------------------------------------------
|  Phase                        |  #Cells created  |  #Cells Removed  |  #Constrained objects preventing optimizations  |
-------------------------------------------------------------------------------------------------------------------------
|  Retarget                     |               0  |              25  |                                              0  |
|  Constant propagation         |               0  |               0  |                                              0  |
|  Sweep                        |               0  |             463  |                                              1  |
|  BUFG optimization            |               0  |               0  |                                              0  |
|  Shift Register Optimization  |               0  |               0  |                                              0  |
|  Post Processing Netlist      |               0  |               0  |                                              0  |
-------------------------------------------------------------------------------------------------------------------------


Ending Logic Optimization Task | Checksum: 22d1b604f

Time (s): cpu = 00:00:01 ; elapsed = 00:00:00.569 . Memory (MB): peak = 2043.312 ; gain = 0.000

Starting Power Optimization Task
INFO: [Pwropt 34-132] Skipping clock gating for clocks with a period < 2.00 ns.
Ending Power Optimization Task | Checksum: 22d1b604f

Time (s): cpu = 00:00:00 ; elapsed = 00:00:00.036 . Memory (MB): peak = 2043.312 ; gain = 0.000

Starting Final Cleanup Task
Ending Final Cleanup Task | Checksum: 22d1b604f

Time (s): cpu = 00:00:00 ; elapsed = 00:00:00.003 . Memory (MB): peak = 2043.312 ; gain = 0.000

Starting Netlist Obfuscation Task
Netlist sorting complete. Time (s): cpu = 00:00:00 ; elapsed = 00:00:00 . Memory (MB): peak = 2043.312 ; gain = 0.000
Ending Netlist Obfuscation Task | Checksum: 22d1b604f

Time (s): cpu = 00:00:00 ; elapsed = 00:00:00.003 . Memory (MB): peak = 2043.312 ; gain = 0.000
INFO: [Common 17-83] Releasing license: Implementation
41 Infos, 2 Warnings, 0 Critical Warnings and 0 Errors encountered.
opt_design completed successfully
opt_design: Time (s): cpu = 00:00:08 ; elapsed = 00:00:07 . Memory (MB): peak = 2043.312 ; gain = 422.086
INFO: [Vivado 12-24828] Executing command : report_drc -file test_wrapper_drc_opted.rpt -pb test_wrapper_drc_opted.pb -rpx test_wrapper_drc_opted.rpx
Command: report_drc -file test_wrapper_drc_opted.rpt -pb test_wrapper_drc_opted.pb -rpx test_wrapper_drc_opted.rpx
INFO: [IP_Flow 19-1839] IP Catalog is up to date.
INFO: [DRC 23-27] Running DRC with 2 threads
INFO: [Vivado_Tcl 2-168] The results of DRC are in file D:/Nhung/FPGA/Track/Track.runs/impl_1/test_wrapper_drc_opted.rpt.
report_drc completed successfully
INFO: [Timing 38-480] Writing timing data to binary archive.
Write ShapeDB Complete: Time (s): cpu = 00:00:00 ; elapsed = 00:00:00.016 . Memory (MB): peak = 2043.312 ; gain = 0.000
Wrote PlaceDB: Time (s): cpu = 00:00:00 ; elapsed = 00:00:00.029 . Memory (MB): peak = 2043.312 ; gain = 0.000
Wrote PulsedLatchDB: Time (s): cpu = 00:00:00 ; elapsed = 00:00:00 . Memory (MB): peak = 2043.312 ; gain = 0.000
Writing XDEF routing.
Writing XDEF routing logical nets.
Writing XDEF routing special nets.
Wrote RouteStorage: Time (s): cpu = 00:00:00 ; elapsed = 00:00:00.039 . Memory (MB): peak = 2043.312 ; gain = 0.000
Wrote Netlist Cache: Time (s): cpu = 00:00:00 ; elapsed = 00:00:00.001 . Memory (MB): peak = 2043.312 ; gain = 0.000
Wrote Device Cache: Time (s): cpu = 00:00:00 ; elapsed = 00:00:00.020 . Memory (MB): peak = 2043.312 ; gain = 0.000
Write Physdb Complete: Time (s): cpu = 00:00:00 ; elapsed = 00:00:00.097 . Memory (MB): peak = 2043.312 ; gain = 0.000
INFO: [Common 17-1381] The checkpoint 'D:/Nhung/FPGA/Track/Track.runs/impl_1/test_wrapper_opt.dcp' has been generated.
Command: place_design
Attempting to get a license for feature 'Implementation' and/or device 'xc7z020'
INFO: [Common 17-349] Got license for feature 'Implementation' and/or device 'xc7z020'
INFO: [Common 17-83] Releasing license: Implementation
INFO: [DRC 23-27] Running DRC with 2 threads
INFO: [Vivado_Tcl 4-198] DRC finished with 0 Errors
INFO: [Vivado_Tcl 4-199] Please refer to the DRC report (report_drc) for more information.
Running DRC as a precondition to command place_design
INFO: [DRC 23-27] Running DRC with 2 threads
INFO: [Vivado_Tcl 4-198] DRC finished with 0 Errors
INFO: [Vivado_Tcl 4-199] Please refer to the DRC report (report_drc) for more information.
INFO: [Place 30-611] Multithreading enabled for place_design using a maximum of 2 CPUs

Starting Placer Task

Phase 1 Placer Initialization

Phase 1.1 Placer Initialization Netlist Sorting
Netlist sorting complete. Time (s): cpu = 00:00:00 ; elapsed = 00:00:00.001 . Memory (MB): peak = 2043.312 ; gain = 0.000
Phase 1.1 Placer Initialization Netlist Sorting | Checksum: 1bc0cdaa3

Time (s): cpu = 00:00:00 ; elapsed = 00:00:00.010 . Memory (MB): peak = 2043.312 ; gain = 0.000
Netlist sorting complete. Time (s): cpu = 00:00:00 ; elapsed = 00:00:00 . Memory (MB): peak = 2043.312 ; gain = 0.000

Phase 1.2 IO Placement/ Clock Placement/ Build Placer Device
INFO: [Timing 38-35] Done setting XDC timing constraints.
Phase 1.2 IO Placement/ Clock Placement/ Build Placer Device | Checksum: a1629792

Time (s): cpu = 00:00:01 ; elapsed = 00:00:00.582 . Memory (MB): peak = 2043.312 ; gain = 0.000

Phase 1.3 Build Placer Netlist Model
Phase 1.3 Build Placer Netlist Model | Checksum: e1ed20f4

Time (s): cpu = 00:00:01 ; elapsed = 00:00:01 . Memory (MB): peak = 2043.312 ; gain = 0.000

Phase 1.4 Constrain Clocks/Macros
Phase 1.4 Constrain Clocks/Macros | Checksum: e1ed20f4

Time (s): cpu = 00:00:01 ; elapsed = 00:00:01 . Memory (MB): peak = 2043.312 ; gain = 0.000
Phase 1 Placer Initialization | Checksum: e1ed20f4

Time (s): cpu = 00:00:01 ; elapsed = 00:00:01 . Memory (MB): peak = 2043.312 ; gain = 0.000

Phase 2 Global Placement

Phase 2.1 Floorplanning
Phase 2.1 Floorplanning | Checksum: 19dea2e2b

Time (s): cpu = 00:00:01 ; elapsed = 00:00:01 . Memory (MB): peak = 2043.312 ; gain = 0.000

Phase 2.2 Update Timing before SLR Path Opt
Phase 2.2 Update Timing before SLR Path Opt | Checksum: ec28dd59

Time (s): cpu = 00:00:02 ; elapsed = 00:00:01 . Memory (MB): peak = 2043.312 ; gain = 0.000

Phase 2.3 Post-Processing in Floorplanning
Phase 2.3 Post-Processing in Floorplanning | Checksum: ec349919

Time (s): cpu = 00:00:02 ; elapsed = 00:00:01 . Memory (MB): peak = 2043.312 ; gain = 0.000

Phase 2.4 Global Place Phase1
Phase 2.4 Global Place Phase1 | Checksum: 135bedb78

Time (s): cpu = 00:00:12 ; elapsed = 00:00:08 . Memory (MB): peak = 2043.312 ; gain = 0.000

Phase 2.5 Global Place Phase2

Phase 2.5.1 UpdateTiming Before Physical Synthesis
Phase 2.5.1 UpdateTiming Before Physical Synthesis | Checksum: 10e4468fe

Time (s): cpu = 00:00:12 ; elapsed = 00:00:08 . Memory (MB): peak = 2043.312 ; gain = 0.000

Phase 2.5.2 Physical Synthesis In Placer
INFO: [Physopt 32-1035] Found 10 LUTNM shape to break, 10 LUT instances to create LUTNM shape
INFO: [Physopt 32-1044] Break lutnm for timing: one critical 5, two critical 5, total 10, new lutff created 1
INFO: [Physopt 32-1138] End 1 Pass. Optimized 14 nets or LUTs. Breaked 10 LUTs, combined 4 existing LUTs and moved 0 existing LUT
INFO: [Physopt 32-65] No nets found for high-fanout optimization.
INFO: [Physopt 32-232] Optimized 0 net. Created 0 new instance.
INFO: [Physopt 32-775] End 1 Pass. Optimized 0 net or cell. Created 0 new cell, deleted 0 existing cell and moved 0 existing cell
INFO: [Physopt 32-456] No candidate cells for DSP register optimization found in the design.
INFO: [Physopt 32-775] End 2 Pass. Optimized 0 net or cell. Created 0 new cell, deleted 0 existing cell and moved 0 existing cell
INFO: [Physopt 32-1123] No candidate cells found for Shift Register to Pipeline optimization
INFO: [Physopt 32-775] End 2 Pass. Optimized 0 net or cell. Created 0 new cell, deleted 0 existing cell and moved 0 existing cell
INFO: [Physopt 32-1401] No candidate cells found for Shift Register optimization.
INFO: [Physopt 32-677] No candidate cells for Shift Register optimization found in the design
INFO: [Physopt 32-775] End 1 Pass. Optimized 0 net or cell. Created 0 new cell, deleted 0 existing cell and moved 0 existing cell
INFO: [Physopt 32-526] No candidate cells for BRAM register optimization found in the design
INFO: [Physopt 32-775] End 1 Pass. Optimized 0 net or cell. Created 0 new cell, deleted 0 existing cell and moved 0 existing cell
INFO: [Physopt 32-846] No candidate cells for URAM register optimization found in the design
INFO: [Physopt 32-775] End 1 Pass. Optimized 0 net or cell. Created 0 new cell, deleted 0 existing cell and moved 0 existing cell
INFO: [Physopt 32-846] No candidate cells for URAM register optimization found in the design
INFO: [Physopt 32-775] End 1 Pass. Optimized 0 net or cell. Created 0 new cell, deleted 0 existing cell and moved 0 existing cell
INFO: [Physopt 32-949] No candidate nets found for dynamic/static region interface net replication
INFO: [Physopt 32-775] End 1 Pass. Optimized 0 net or cell. Created 0 new cell, deleted 0 existing cell and moved 0 existing cell
Netlist sorting complete. Time (s): cpu = 00:00:00 ; elapsed = 00:00:00.001 . Memory (MB): peak = 2043.312 ; gain = 0.000

Summary of Physical Synthesis Optimizations
============================================


-----------------------------------------------------------------------------------------------------------------------------------------------------------
|  Optimization                                     |  Added Cells  |  Removed Cells  |  Optimized Cells/Nets  |  Dont Touch  |  Iterations  |  Elapsed   |
-----------------------------------------------------------------------------------------------------------------------------------------------------------
|  LUT Combining                                    |           10  |              4  |                    14  |           0  |           1  |  00:00:00  |
|  Retime                                           |            0  |              0  |                     0  |           0  |           1  |  00:00:00  |
|  Very High Fanout                                 |            0  |              0  |                     0  |           0  |           1  |  00:00:00  |
|  DSP Register                                     |            0  |              0  |                     0  |           0  |           1  |  00:00:00  |
|  Shift Register to Pipeline                       |            0  |              0  |                     0  |           0  |           1  |  00:00:00  |
|  Shift Register                                   |            0  |              0  |                     0  |           0  |           1  |  00:00:00  |
|  BRAM Register                                    |            0  |              0  |                     0  |           0  |           1  |  00:00:00  |
|  URAM Register                                    |            0  |              0  |                     0  |           0  |           1  |  00:00:00  |
|  Dynamic/Static Region Interface Net Replication  |            0  |              0  |                     0  |           0  |           1  |  00:00:00  |
|  Total                                            |           10  |              4  |                    14  |           0  |           9  |  00:00:00  |
-----------------------------------------------------------------------------------------------------------------------------------------------------------


Phase 2.5.2 Physical Synthesis In Placer | Checksum: 1c52ca6c8

Time (s): cpu = 00:00:13 ; elapsed = 00:00:08 . Memory (MB): peak = 2043.312 ; gain = 0.000
Phase 2.5 Global Place Phase2 | Checksum: 17cbcbe6b

Time (s): cpu = 00:00:13 ; elapsed = 00:00:08 . Memory (MB): peak = 2043.312 ; gain = 0.000
Phase 2 Global Placement | Checksum: 17cbcbe6b

Time (s): cpu = 00:00:13 ; elapsed = 00:00:08 . Memory (MB): peak = 2043.312 ; gain = 0.000

Phase 3 Detail Placement

Phase 3.1 Commit Multi Column Macros
Phase 3.1 Commit Multi Column Macros | Checksum: 15f751aaa

Time (s): cpu = 00:00:13 ; elapsed = 00:00:09 . Memory (MB): peak = 2043.312 ; gain = 0.000

Phase 3.2 Commit Most Macros & LUTRAMs
Phase 3.2 Commit Most Macros & LUTRAMs | Checksum: 18dc2700e

Time (s): cpu = 00:00:13 ; elapsed = 00:00:09 . Memory (MB): peak = 2043.312 ; gain = 0.000

Phase 3.3 Area Swap Optimization
Phase 3.3 Area Swap Optimization | Checksum: 1db72cef2

Time (s): cpu = 00:00:13 ; elapsed = 00:00:09 . Memory (MB): peak = 2043.312 ; gain = 0.000

Phase 3.4 Pipeline Register Optimization
Phase 3.4 Pipeline Register Optimization | Checksum: 1d13177b0

Time (s): cpu = 00:00:13 ; elapsed = 00:00:09 . Memory (MB): peak = 2043.312 ; gain = 0.000

Phase 3.5 Fast Optimization
Phase 3.5 Fast Optimization | Checksum: 1e5515296

Time (s): cpu = 00:00:16 ; elapsed = 00:00:12 . Memory (MB): peak = 2043.312 ; gain = 0.000

Phase 3.6 Small Shape Detail Placement
Phase 3.6 Small Shape Detail Placement | Checksum: 18a11f022

Time (s): cpu = 00:00:16 ; elapsed = 00:00:13 . Memory (MB): peak = 2043.312 ; gain = 0.000

Phase 3.7 Re-assign LUT pins
Phase 3.7 Re-assign LUT pins | Checksum: 11ea7f1fb

Time (s): cpu = 00:00:16 ; elapsed = 00:00:13 . Memory (MB): peak = 2043.312 ; gain = 0.000

Phase 3.8 Pipeline Register Optimization
Phase 3.8 Pipeline Register Optimization | Checksum: f37fa715

Time (s): cpu = 00:00:16 ; elapsed = 00:00:13 . Memory (MB): peak = 2043.312 ; gain = 0.000

Phase 3.9 Fast Optimization
Phase 3.9 Fast Optimization | Checksum: 2700fcc1b

Time (s): cpu = 00:00:19 ; elapsed = 00:00:16 . Memory (MB): peak = 2043.312 ; gain = 0.000
Phase 3 Detail Placement | Checksum: 2700fcc1b

Time (s): cpu = 00:00:19 ; elapsed = 00:00:17 . Memory (MB): peak = 2043.312 ; gain = 0.000

Phase 4 Post Placement Optimization and Clean-Up

Phase 4.1 Post Commit Optimization
INFO: [Timing 38-35] Done setting XDC timing constraints.

Phase 4.1.1 Post Placement Optimization
Post Placement Optimization Initialization | Checksum: 1f50f616e

Phase 4.1.1.1 BUFG Insertion

Starting Physical Synthesis Task

Phase 1 Physical Synthesis Initialization
INFO: [Physopt 32-721] Multithreading enabled for phys_opt_design using a maximum of 2 CPUs
INFO: [Physopt 32-619] Estimated Timing Summary | WNS=-3.313 | TNS=-123.776 |
Phase 1 Physical Synthesis Initialization | Checksum: 17e461734

Time (s): cpu = 00:00:00 ; elapsed = 00:00:00.058 . Memory (MB): peak = 2050.438 ; gain = 0.000
INFO: [Place 46-56] BUFG insertion identified 0 candidate nets. Inserted BUFG: 0, Replicated BUFG Driver: 0, Skipped due to Placement/Routing Conflicts: 0, Skipped due to Timing Degradation: 0, Skipped due to netlist editing failed: 0.
Ending Physical Synthesis Task | Checksum: 23516535c

Time (s): cpu = 00:00:00 ; elapsed = 00:00:00.073 . Memory (MB): peak = 2050.438 ; gain = 0.000
Phase 4.1.1.1 BUFG Insertion | Checksum: 1f50f616e

Time (s): cpu = 00:00:20 ; elapsed = 00:00:17 . Memory (MB): peak = 2050.438 ; gain = 7.125

Phase 4.1.1.2 Post Placement Timing Optimization
INFO: [Place 30-746] Post Placement Timing Summary WNS=-2.698. For the most accurate timing information please run report_timing.
Phase 4.1.1.2 Post Placement Timing Optimization | Checksum: 1247811d5

Time (s): cpu = 00:00:39 ; elapsed = 00:00:35 . Memory (MB): peak = 2050.438 ; gain = 7.125

Time (s): cpu = 00:00:39 ; elapsed = 00:00:35 . Memory (MB): peak = 2050.438 ; gain = 7.125
Phase 4.1 Post Commit Optimization | Checksum: 1247811d5

Time (s): cpu = 00:00:39 ; elapsed = 00:00:35 . Memory (MB): peak = 2050.438 ; gain = 7.125

Phase 4.2 Post Placement Cleanup
Phase 4.2 Post Placement Cleanup | Checksum: 1247811d5

Time (s): cpu = 00:00:39 ; elapsed = 00:00:35 . Memory (MB): peak = 2050.438 ; gain = 7.125

Phase 4.3 Placer Reporting

Phase 4.3.1 Print Estimated Congestion
INFO: [Place 30-612] Post-Placement Estimated Congestion 
 ____________________________________________________
|           | Global Congestion | Short Congestion  |
| Direction | Region Size       | Region Size       |
|___________|___________________|___________________|
|      North|                1x1|                1x1|
|___________|___________________|___________________|
|      South|                1x1|                1x1|
|___________|___________________|___________________|
|       East|                1x1|                1x1|
|___________|___________________|___________________|
|       West|                1x1|                1x1|
|___________|___________________|___________________|

Phase 4.3.1 Print Estimated Congestion | Checksum: 1247811d5

Time (s): cpu = 00:00:39 ; elapsed = 00:00:35 . Memory (MB): peak = 2050.438 ; gain = 7.125
Phase 4.3 Placer Reporting | Checksum: 1247811d5

Time (s): cpu = 00:00:39 ; elapsed = 00:00:35 . Memory (MB): peak = 2050.438 ; gain = 7.125

Phase 4.4 Final Placement Cleanup
Netlist sorting complete. Time (s): cpu = 00:00:00 ; elapsed = 00:00:00 . Memory (MB): peak = 2050.438 ; gain = 0.000

Time (s): cpu = 00:00:39 ; elapsed = 00:00:35 . Memory (MB): peak = 2050.438 ; gain = 7.125
Phase 4 Post Placement Optimization and Clean-Up | Checksum: 71b82cce

Time (s): cpu = 00:00:39 ; elapsed = 00:00:35 . Memory (MB): peak = 2050.438 ; gain = 7.125
Ending Placer Task | Checksum: 69a57566

Time (s): cpu = 00:00:39 ; elapsed = 00:00:35 . Memory (MB): peak = 2050.438 ; gain = 7.125
84 Infos, 2 Warnings, 0 Critical Warnings and 0 Errors encountered.
place_design completed successfully
place_design: Time (s): cpu = 00:00:43 ; elapsed = 00:00:38 . Memory (MB): peak = 2050.438 ; gain = 7.125
INFO: [Vivado 12-24838] Running report commands "report_control_sets, report_io, report_utilization" in parallel.
Running report generation with 2 threads.
INFO: [Vivado 12-24828] Executing command : report_utilization -file test_wrapper_utilization_placed.rpt -pb test_wrapper_utilization_placed.pb
INFO: [Vivado 12-24828] Executing command : report_control_sets -verbose -file test_wrapper_control_sets_placed.rpt
report_control_sets: Time (s): cpu = 00:00:00 ; elapsed = 00:00:00.004 . Memory (MB): peak = 2050.438 ; gain = 0.000
INFO: [Vivado 12-24828] Executing command : report_io -file test_wrapper_io_placed.rpt
report_io: Time (s): cpu = 00:00:00 ; elapsed = 00:00:00.090 . Memory (MB): peak = 2050.438 ; gain = 0.000
INFO: [Timing 38-480] Writing timing data to binary archive.
Write ShapeDB Complete: Time (s): cpu = 00:00:00 ; elapsed = 00:00:00.018 . Memory (MB): peak = 2052.605 ; gain = 0.000
Wrote PlaceDB: Time (s): cpu = 00:00:01 ; elapsed = 00:00:00.237 . Memory (MB): peak = 2054.527 ; gain = 1.922
Wrote PulsedLatchDB: Time (s): cpu = 00:00:00 ; elapsed = 00:00:00 . Memory (MB): peak = 2054.527 ; gain = 0.000
Writing XDEF routing.
Writing XDEF routing logical nets.
Writing XDEF routing special nets.
Wrote RouteStorage: Time (s): cpu = 00:00:00 ; elapsed = 00:00:00.037 . Memory (MB): peak = 2054.527 ; gain = 0.000
Wrote Netlist Cache: Time (s): cpu = 00:00:00 ; elapsed = 00:00:00.004 . Memory (MB): peak = 2054.527 ; gain = 0.000
Wrote Device Cache: Time (s): cpu = 00:00:00 ; elapsed = 00:00:00.017 . Memory (MB): peak = 2054.527 ; gain = 0.000
Write Physdb Complete: Time (s): cpu = 00:00:01 ; elapsed = 00:00:00.308 . Memory (MB): peak = 2054.527 ; gain = 1.922
INFO: [Common 17-1381] The checkpoint 'D:/Nhung/FPGA/Track/Track.runs/impl_1/test_wrapper_placed.dcp' has been generated.
Command: phys_opt_design
Attempting to get a license for feature 'Implementation' and/or device 'xc7z020'
INFO: [Common 17-349] Got license for feature 'Implementation' and/or device 'xc7z020'

Starting Initial Update Timing Task

Time (s): cpu = 00:00:00 ; elapsed = 00:00:00.182 . Memory (MB): peak = 2063.098 ; gain = 8.570
INFO: [Vivado_Tcl 4-1435] PhysOpt_Tcl_Interface Runtime Before Starting Physical Synthesis Task | CPU: 0.00s |  WALL: 0.20s
Netlist sorting complete. Time (s): cpu = 00:00:00 ; elapsed = 00:00:00.001 . Memory (MB): peak = 2063.098 ; gain = 0.000

Starting Physical Synthesis Task

Phase 1 Physical Synthesis Initialization
INFO: [Physopt 32-721] Multithreading enabled for phys_opt_design using a maximum of 2 CPUs
INFO: [Physopt 32-619] Estimated Timing Summary | WNS=-2.698 | TNS=-111.360 |
Phase 1 Physical Synthesis Initialization | Checksum: 15a35cec3

Time (s): cpu = 00:00:01 ; elapsed = 00:00:00.290 . Memory (MB): peak = 2063.125 ; gain = 0.027
INFO: [Physopt 32-619] Estimated Timing Summary | WNS=-2.698 | TNS=-111.360 |

Phase 2 DSP Register Optimization
INFO: [Physopt 32-456] No candidate cells for DSP register optimization found in the design.
INFO: [Physopt 32-775] End 2 Pass. Optimized 0 net or cell. Created 0 new cell, deleted 0 existing cell and moved 0 existing cell
Phase 2 DSP Register Optimization | Checksum: 15a35cec3

Time (s): cpu = 00:00:01 ; elapsed = 00:00:00.304 . Memory (MB): peak = 2063.125 ; gain = 0.027

Phase 3 Critical Path Optimization
INFO: [Physopt 32-619] Estimated Timing Summary | WNS=-2.698 | TNS=-111.360 |
INFO: [Physopt 32-702] Processed net test_i/controller_0/inst/Q[11]. Optimizations did not improve timing on the net.
INFO: [Physopt 32-702] Processed net test_i/processing_system7_0/inst/FCLK_CLK_unbuffered[0]. Optimizations did not improve timing on the net.
INFO: [Physopt 32-710] Processed net test_i/controller_0/inst/spd_width[11]_i_1_n_0. Critical path length was reduced through logic transformation on cell test_i/controller_0/inst/spd_width[11]_i_1_comp.
INFO: [Physopt 32-735] Processed net test_i/controller_0/inst/spd_width[14]_i_2_n_0. Optimization improves timing on the net.
INFO: [Physopt 32-619] Estimated Timing Summary | WNS=-2.667 | TNS=-110.665 |
INFO: [Physopt 32-702] Processed net test_i/controller_0/inst/Q[14]. Optimizations did not improve timing on the net.
INFO: [Physopt 32-710] Processed net test_i/controller_0/inst/spd_width[14]_i_1_n_0. Critical path length was reduced through logic transformation on cell test_i/controller_0/inst/spd_width[14]_i_1_comp.
INFO: [Physopt 32-735] Processed net test_i/controller_0/inst/spd_width[14]_i_2_n_0. Optimization improves timing on the net.
INFO: [Physopt 32-619] Estimated Timing Summary | WNS=-2.661 | TNS=-109.915 |
INFO: [Physopt 32-702] Processed net test_i/controller_0/inst/Q[12]. Optimizations did not improve timing on the net.
INFO: [Physopt 32-710] Processed net test_i/controller_0/inst/spd_width[12]_i_1_n_0. Critical path length was reduced through logic transformation on cell test_i/controller_0/inst/spd_width[12]_i_1_comp.
INFO: [Physopt 32-735] Processed net test_i/controller_0/inst/spd_width[14]_i_2_n_0. Optimization improves timing on the net.
INFO: [Physopt 32-619] Estimated Timing Summary | WNS=-2.652 | TNS=-109.166 |
INFO: [Physopt 32-702] Processed net test_i/controller_0/inst/Q[3]. Optimizations did not improve timing on the net.
INFO: [Physopt 32-710] Processed net test_i/controller_0/inst/spd_width[3]_i_1_n_0. Critical path length was reduced through logic transformation on cell test_i/controller_0/inst/spd_width[3]_i_1_comp.
INFO: [Physopt 32-735] Processed net test_i/controller_0/inst/spd_width[14]_i_2_n_0. Optimization improves timing on the net.
INFO: [Physopt 32-619] Estimated Timing Summary | WNS=-2.648 | TNS=-108.425 |
INFO: [Physopt 32-702] Processed net test_i/controller_0/inst/Q[5]. Optimizations did not improve timing on the net.
INFO: [Physopt 32-710] Processed net test_i/controller_0/inst/spd_width[5]_i_1_n_0. Critical path length was reduced through logic transformation on cell test_i/controller_0/inst/spd_width[5]_i_1_comp.
INFO: [Physopt 32-735] Processed net test_i/controller_0/inst/spd_width[14]_i_2_n_0. Optimization improves timing on the net.
INFO: [Physopt 32-619] Estimated Timing Summary | WNS=-2.637 | TNS=-107.686 |
INFO: [Physopt 32-702] Processed net test_i/controller_0/inst/Q[1]. Optimizations did not improve timing on the net.
INFO: [Physopt 32-710] Processed net test_i/controller_0/inst/spd_width[1]_i_1_n_0. Critical path length was reduced through logic transformation on cell test_i/controller_0/inst/spd_width[1]_i_1_comp.
INFO: [Physopt 32-735] Processed net test_i/controller_0/inst/spd_width[14]_i_2_n_0. Optimization improves timing on the net.
INFO: [Physopt 32-619] Estimated Timing Summary | WNS=-2.587 | TNS=-107.230 |
INFO: [Physopt 32-702] Processed net test_i/controller_0/inst/Q[2]. Optimizations did not improve timing on the net.
INFO: [Physopt 32-710] Processed net test_i/controller_0/inst/spd_width[2]_i_1_n_0. Critical path length was reduced through logic transformation on cell test_i/controller_0/inst/spd_width[2]_i_1_comp.
INFO: [Physopt 32-735] Processed net test_i/controller_0/inst/spd_width[14]_i_2_n_0. Optimization improves timing on the net.
INFO: [Physopt 32-619] Estimated Timing Summary | WNS=-2.472 | TNS=-106.654 |
INFO: [Physopt 32-702] Processed net test_i/controller_0/inst/Q[15]. Optimizations did not improve timing on the net.
INFO: [Physopt 32-710] Processed net test_i/controller_0/inst/spd_width[15]_i_1_n_0. Critical path length was reduced through logic transformation on cell test_i/controller_0/inst/spd_width[15]_i_1_comp.
INFO: [Physopt 32-735] Processed net test_i/controller_0/inst/spd_width[15]_i_2_n_0. Optimization improves timing on the net.
INFO: [Physopt 32-619] Estimated Timing Summary | WNS=-2.467 | TNS=-106.618 |
INFO: [Physopt 32-702] Processed net test_i/controller_0/inst/Q[4]. Optimizations did not improve timing on the net.
INFO: [Physopt 32-710] Processed net test_i/controller_0/inst/spd_width[4]_i_1_n_0. Critical path length was reduced through logic transformation on cell test_i/controller_0/inst/spd_width[4]_i_1_comp.
INFO: [Physopt 32-735] Processed net test_i/controller_0/inst/spd_width[4]_i_2_n_0. Optimization improves timing on the net.
INFO: [Physopt 32-619] Estimated Timing Summary | WNS=-2.449 | TNS=-106.508 |
INFO: [Physopt 32-702] Processed net test_i/controller_0/inst/Q[0]. Optimizations did not improve timing on the net.
INFO: [Physopt 32-134] Processed net test_i/controller_0/inst/spd_width[14]_i_2_n_0. Rewiring did not optimize the net.
INFO: [Physopt 32-608] Optimized 1 net.  Swapped 21 pins.
INFO: [Physopt 32-735] Processed net test_i/controller_0/inst/spd_width[14]_i_2_n_0. Optimization improves timing on the net.
INFO: [Physopt 32-619] Estimated Timing Summary | WNS=-2.440 | TNS=-106.349 |
INFO: [Physopt 32-702] Processed net test_i/controller_0/inst/Q[13]. Optimizations did not improve timing on the net.
INFO: [Physopt 32-710] Processed net test_i/controller_0/inst/spd_width[13]_i_1_n_0. Critical path length was reduced through logic transformation on cell test_i/controller_0/inst/spd_width[13]_i_1_comp.
INFO: [Physopt 32-735] Processed net test_i/controller_0/inst/spd_width[13]_i_2_n_0. Optimization improves timing on the net.
INFO: [Physopt 32-619] Estimated Timing Summary | WNS=-2.438 | TNS=-106.311 |
INFO: [Physopt 32-702] Processed net test_i/controller_0/inst/Q[8]. Optimizations did not improve timing on the net.
INFO: [Physopt 32-710] Processed net test_i/controller_0/inst/spd_width[8]_i_1_n_0. Critical path length was reduced through logic transformation on cell test_i/controller_0/inst/spd_width[8]_i_1_comp.
INFO: [Physopt 32-735] Processed net test_i/controller_0/inst/spd_width[8]_i_2_n_0. Optimization improves timing on the net.
INFO: [Physopt 32-619] Estimated Timing Summary | WNS=-2.436 | TNS=-106.090 |
INFO: [Physopt 32-710] Processed net test_i/controller_0/inst/spd_width[15]_i_1_n_0. Critical path length was reduced through logic transformation on cell test_i/controller_0/inst/spd_width[15]_i_1_comp_1.
INFO: [Physopt 32-735] Processed net test_i/controller_0/inst/spd_width[16]_i_3_n_0. Optimization improves timing on the net.
INFO: [Physopt 32-619] Estimated Timing Summary | WNS=-2.426 | TNS=-105.748 |
INFO: [Physopt 32-702] Processed net test_i/controller_0/inst/Q[16]. Optimizations did not improve timing on the net.
INFO: [Physopt 32-710] Processed net test_i/controller_0/inst/spd_width[16]_i_1_n_0. Critical path length was reduced through logic transformation on cell test_i/controller_0/inst/spd_width[16]_i_1_comp.
INFO: [Physopt 32-735] Processed net test_i/controller_0/inst/spd_width[16]_i_3_n_0. Optimization improves timing on the net.
INFO: [Physopt 32-619] Estimated Timing Summary | WNS=-2.389 | TNS=-105.616 |
INFO: [Physopt 32-702] Processed net test_i/controller_0/inst/Q[9]. Optimizations did not improve timing on the net.
INFO: [Physopt 32-710] Processed net test_i/controller_0/inst/spd_width[9]_i_1_n_0. Critical path length was reduced through logic transformation on cell test_i/controller_0/inst/spd_width[9]_i_1_comp.
INFO: [Physopt 32-735] Processed net test_i/controller_0/inst/spd_width[9]_i_3_n_0. Optimization improves timing on the net.
INFO: [Physopt 32-619] Estimated Timing Summary | WNS=-2.386 | TNS=-105.219 |
INFO: [Physopt 32-702] Processed net test_i/controller_0/inst/spd_width[16]_i_3_n_0. Optimizations did not improve timing on the net.
INFO: [Physopt 32-702] Processed net test_i/controller_0/inst/spd_track2. Optimizations did not improve timing on the net.
INFO: [Physopt 32-702] Processed net test_i/controller_0/inst/spd_track2_carry__2_n_0. Optimizations did not improve timing on the net.
INFO: [Physopt 32-702] Processed net test_i/controller_0/inst/spd_track2_carry__1_n_0. Optimizations did not improve timing on the net.
INFO: [Physopt 32-608] Optimized 1 net.  Swapped 17 pins.
INFO: [Physopt 32-735] Processed net test_i/controller_0/inst/spd_track2_carry__1_i_5_n_0. Optimization improves timing on the net.
INFO: [Physopt 32-619] Estimated Timing Summary | WNS=-2.378 | TNS=-104.979 |
INFO: [Physopt 32-608] Optimized 1 net.  Swapped 17 pins.
INFO: [Physopt 32-735] Processed net test_i/controller_0/inst/spd_track2_carry__1_i_6_n_0. Optimization improves timing on the net.
INFO: [Physopt 32-619] Estimated Timing Summary | WNS=-2.377 | TNS=-104.949 |
INFO: [Physopt 32-608] Optimized 1 net.  Swapped 18 pins.
INFO: [Physopt 32-735] Processed net test_i/controller_0/inst/spd_track2_carry__2_i_6_n_0. Optimization improves timing on the net.
INFO: [Physopt 32-619] Estimated Timing Summary | WNS=-2.353 | TNS=-104.229 |
INFO: [Physopt 32-608] Optimized 1 net.  Swapped 18 pins.
INFO: [Physopt 32-735] Processed net test_i/controller_0/inst/spd_track2_carry__2_i_8_n_0. Optimization improves timing on the net.
INFO: [Physopt 32-619] Estimated Timing Summary | WNS=-2.332 | TNS=-103.599 |
INFO: [Physopt 32-608] Optimized 1 net.  Swapped 18 pins.
INFO: [Physopt 32-735] Processed net test_i/controller_0/inst/spd_track2_carry__2_i_5_n_0. Optimization improves timing on the net.
INFO: [Physopt 32-619] Estimated Timing Summary | WNS=-2.285 | TNS=-102.189 |
INFO: [Physopt 32-608] Optimized 1 net.  Swapped 17 pins.
INFO: [Physopt 32-735] Processed net test_i/controller_0/inst/spd_track2_carry__1_i_7_n_0. Optimization improves timing on the net.
INFO: [Physopt 32-619] Estimated Timing Summary | WNS=-2.274 | TNS=-101.049 |
INFO: [Physopt 32-663] Processed net test_i/controller_0/inst/spd_width[16]_i_3_n_0_repN_1.  Re-placed instance test_i/controller_0/inst/spd_width[16]_i_3_comp_1
INFO: [Physopt 32-735] Processed net test_i/controller_0/inst/spd_width[16]_i_3_n_0_repN_1. Optimization improves timing on the net.
INFO: [Physopt 32-619] Estimated Timing Summary | WNS=-2.246 | TNS=-101.017 |
INFO: [Physopt 32-702] Processed net test_i/controller_0/inst/spd_track2_carry__2_i_5_n_0. Optimizations did not improve timing on the net.
INFO: [Physopt 32-702] Processed net test_i/controller_0/inst/spd_width_reg[31]_i_6_n_5. Optimizations did not improve timing on the net.
INFO: [Physopt 32-702] Processed net test_i/controller_0/inst/spd_width_reg[27]_i_2_n_0. Optimizations did not improve timing on the net.
INFO: [Physopt 32-702] Processed net test_i/controller_0/inst/spd_width_reg[23]_i_2_n_0. Optimizations did not improve timing on the net.
INFO: [Physopt 32-702] Processed net test_i/controller_0/inst/spd_track2_carry__1_i_4_n_0. Optimizations did not improve timing on the net.
INFO: [Physopt 32-702] Processed net test_i/controller_0/inst/spd_width_reg[14]_i_3_n_0. Optimizations did not improve timing on the net.
INFO: [Physopt 32-702] Processed net test_i/controller_0/inst/spd_width_reg[11]_i_2_n_0. Optimizations did not improve timing on the net.
INFO: [Physopt 32-702] Processed net test_i/controller_0/inst/spd_width_reg[5]_i_2_n_0. Optimizations did not improve timing on the net.
INFO: [Physopt 32-702] Processed net test_i/controller_0/inst/spd_width[5]_i_3_n_0. Optimizations did not improve timing on the net.
INFO: [Physopt 32-702] Processed net test_i/controller_0/inst/corr_numer_carry__1_n_6. Optimizations did not improve timing on the net.
INFO: [Physopt 32-702] Processed net test_i/controller_0/inst/corr_numer_carry__0_n_0. Optimizations did not improve timing on the net.
INFO: [Physopt 32-702] Processed net test_i/controller_0/inst/corr_numer_carry_n_0. Optimizations did not improve timing on the net.
INFO: [Physopt 32-702] Processed net test_i/controller_0/inst/corr_numer_carry_i_1_n_0. Optimizations did not improve timing on the net.
INFO: [Physopt 32-702] Processed net test_i/controller_0/inst/spd_width[13]_i_1_n_0. Optimizations did not improve timing on the net.
INFO: [Physopt 32-702] Processed net test_i/controller_0/inst/corr_residual[1]. Optimizations did not improve timing on the net.
INFO: [Physopt 32-702] Processed net test_i/discriminator_0/inst/r_gm_ff_reg_n_0_[0]. Optimizations did not improve timing on the net.
INFO: [Physopt 32-702] Processed net test_i/pulse_gen_0/inst/p_1_out_inferred__4/i__carry__6_n_0. Optimizations did not improve timing on the net.
INFO: [Physopt 32-702] Processed net test_i/pulse_gen_0/inst/p_1_out_inferred__4/i__carry__5_n_0. Optimizations did not improve timing on the net.
INFO: [Physopt 32-702] Processed net test_i/pulse_gen_0/inst/p_1_out_inferred__4/i__carry__4_n_0. Optimizations did not improve timing on the net.
INFO: [Physopt 32-702] Processed net test_i/pulse_gen_0/inst/p_1_out_inferred__4/i__carry__3_n_0. Optimizations did not improve timing on the net.
INFO: [Physopt 32-702] Processed net test_i/pulse_gen_0/inst/p_1_out_inferred__4/i__carry__2_n_0. Optimizations did not improve timing on the net.
INFO: [Physopt 32-702] Processed net test_i/pulse_gen_0/inst/i__carry__2_i_3__3_n_0. Optimizations did not improve timing on the net.
INFO: [Physopt 32-702] Processed net test_i/pulse_gen_0/inst/i__carry__2_i_5__3_n_7. Optimizations did not improve timing on the net.
INFO: [Physopt 32-702] Processed net test_i/pulse_gen_0/inst/i__carry__1_i_5__3_n_0. Optimizations did not improve timing on the net.
INFO: [Physopt 32-702] Processed net test_i/pulse_gen_0/inst/i__carry__0_i_5__3_n_0. Optimizations did not improve timing on the net.
INFO: [Physopt 32-702] Processed net test_i/pulse_gen_0/inst/i__carry_i_5__1_n_0. Optimizations did not improve timing on the net.
INFO: [Physopt 32-702] Processed net test_i/pulse_gen_0/inst/i__carry_i_6__3_n_0. Optimizations did not improve timing on the net.
INFO: [Physopt 32-702] Processed net test_i/pulse_gen_0/inst/r_GM. Optimizations did not improve timing on the net.
INFO: [Physopt 32-81] Processed net test_i/pulse_gen_0/inst/spd_width_latch[2]. Replicated 2 times.
INFO: [Physopt 32-735] Processed net test_i/pulse_gen_0/inst/spd_width_latch[2]. Optimization improves timing on the net.
INFO: [Physopt 32-619] Estimated Timing Summary | WNS=-2.246 | TNS=-100.929 |
INFO: [Physopt 32-702] Processed net test_i/discriminator_0/inst/p_0_in__1[1]. Optimizations did not improve timing on the net.
INFO: [Physopt 32-702] Processed net test_i/pulse_gen_0/inst/strobe_11. Optimizations did not improve timing on the net.
INFO: [Physopt 32-702] Processed net test_i/pulse_gen_0/inst/strobe_11_carry__1_n_0. Optimizations did not improve timing on the net.
INFO: [Physopt 32-702] Processed net test_i/pulse_gen_0/inst/strobe_11_carry__1_i_8_n_0. Optimizations did not improve timing on the net.
INFO: [Physopt 32-702] Processed net test_i/pulse_gen_0/inst/strobe_11_carry__0_i_9_n_1. Optimizations did not improve timing on the net.
INFO: [Physopt 32-702] Processed net test_i/pulse_gen_0/inst/strobe_11_carry__0_i_10_n_0. Optimizations did not improve timing on the net.
INFO: [Physopt 32-702] Processed net test_i/pulse_gen_0/inst/strobe_11_carry_i_9_n_0. Optimizations did not improve timing on the net.
INFO: [Physopt 32-702] Processed net test_i/pulse_gen_0/inst/strobe_11_carry_i_10_n_0. Optimizations did not improve timing on the net.
INFO: [Physopt 32-608] Optimized 1 net.  Swapped 3 pins.
INFO: [Physopt 32-735] Processed net test_i/pulse_gen_0/inst/strobe_1. Optimization improves timing on the net.
INFO: [Physopt 32-619] Estimated Timing Summary | WNS=-2.246 | TNS=-100.802 |
INFO: [Physopt 32-663] Processed net test_i/pulse_gen_0/inst/spd_width_latch[3].  Re-placed instance test_i/pulse_gen_0/inst/spd_width_latch_reg[3]
INFO: [Physopt 32-735] Processed net test_i/pulse_gen_0/inst/spd_width_latch[3]. Optimization improves timing on the net.
INFO: [Physopt 32-619] Estimated Timing Summary | WNS=-2.246 | TNS=-100.752 |
INFO: [Physopt 32-663] Processed net test_i/pulse_gen_0/inst/spd_width_latch[4].  Re-placed instance test_i/pulse_gen_0/inst/spd_width_latch_reg[4]
INFO: [Physopt 32-735] Processed net test_i/pulse_gen_0/inst/spd_width_latch[4]. Optimization improves timing on the net.
INFO: [Physopt 32-619] Estimated Timing Summary | WNS=-2.246 | TNS=-100.751 |
INFO: [Physopt 32-702] Processed net test_i/pulse_gen_0/inst/i__carry__0_i_8__1_n_0. Optimizations did not improve timing on the net.
INFO: [Physopt 32-663] Processed net test_i/pulse_gen_0/inst/spd_width_latch[6].  Re-placed instance test_i/pulse_gen_0/inst/spd_width_latch_reg[6]
INFO: [Physopt 32-735] Processed net test_i/pulse_gen_0/inst/spd_width_latch[6]. Optimization improves timing on the net.
INFO: [Physopt 32-619] Estimated Timing Summary | WNS=-2.246 | TNS=-100.738 |
INFO: [Physopt 32-702] Processed net test_i/discriminator_0/inst/p_0_in[1]. Optimizations did not improve timing on the net.
INFO: [Physopt 32-702] Processed net test_i/pulse_gen_0/inst/p_1_out_inferred__5/i__carry__6_n_0. Optimizations did not improve timing on the net.
INFO: [Physopt 32-702] Processed net test_i/pulse_gen_0/inst/p_1_out_inferred__5/i__carry__5_n_0. Optimizations did not improve timing on the net.
INFO: [Physopt 32-702] Processed net test_i/pulse_gen_0/inst/p_1_out_inferred__5/i__carry__4_n_0. Optimizations did not improve timing on the net.
INFO: [Physopt 32-702] Processed net test_i/pulse_gen_0/inst/p_1_out_inferred__5/i__carry__3_n_0. Optimizations did not improve timing on the net.
INFO: [Physopt 32-702] Processed net test_i/pulse_gen_0/inst/i__carry__3_i_3__4_n_0. Optimizations did not improve timing on the net.
INFO: [Physopt 32-702] Processed net test_i/pulse_gen_0/inst/i__carry__3_i_5__3_n_3. Optimizations did not improve timing on the net.
INFO: [Physopt 32-702] Processed net test_i/pulse_gen_0/inst/i__carry__2_i_5__4_n_0. Optimizations did not improve timing on the net.
INFO: [Physopt 32-702] Processed net test_i/pulse_gen_0/inst/i__carry__1_i_5__4_n_0. Optimizations did not improve timing on the net.
INFO: [Physopt 32-702] Processed net test_i/pulse_gen_0/inst/i__carry__0_i_5__4_n_0. Optimizations did not improve timing on the net.
INFO: [Physopt 32-608] Optimized 1 net.  Swapped 8 pins.
INFO: [Physopt 32-735] Processed net test_i/pulse_gen_0/inst/i__carry__0_i_8_n_0. Optimization improves timing on the net.
INFO: [Physopt 32-619] Estimated Timing Summary | WNS=-2.246 | TNS=-100.653 |
INFO: [Physopt 32-702] Processed net test_i/pulse_gen_0/inst/i__carry__0_i_9_n_0. Optimizations did not improve timing on the net.
INFO: [Physopt 32-663] Processed net test_i/pulse_gen_0/inst/spd_width_latch[5].  Re-placed instance test_i/pulse_gen_0/inst/spd_width_latch_reg[5]
INFO: [Physopt 32-735] Processed net test_i/pulse_gen_0/inst/spd_width_latch[5]. Optimization improves timing on the net.
INFO: [Physopt 32-619] Estimated Timing Summary | WNS=-2.246 | TNS=-100.506 |
INFO: [Physopt 32-608] Optimized 1 net.  Swapped 3 pins.
INFO: [Physopt 32-735] Processed net test_i/pulse_gen_0/inst/strobe_2. Optimization improves timing on the net.
INFO: [Physopt 32-619] Estimated Timing Summary | WNS=-2.246 | TNS=-100.346 |
INFO: [Physopt 32-702] Processed net test_i/pulse_gen_0/inst/r_GM1. Optimizations did not improve timing on the net.
INFO: [Physopt 32-702] Processed net test_i/pulse_gen_0/inst/r_GM1_carry__1_n_0. Optimizations did not improve timing on the net.
INFO: [Physopt 32-702] Processed net test_i/pulse_gen_0/inst/r_GM1_carry__0_n_0. Optimizations did not improve timing on the net.
INFO: [Physopt 32-702] Processed net test_i/pulse_gen_0/inst/r_GM1_carry__0_i_7_n_0. Optimizations did not improve timing on the net.
INFO: [Physopt 32-702] Processed net test_i/pulse_gen_0/inst/t_gm[11]. Optimizations did not improve timing on the net.
INFO: [Physopt 32-702] Processed net test_i/pulse_gen_0/inst/r_GM1_carry_i_9_n_0. Optimizations did not improve timing on the net.
INFO: [Physopt 32-702] Processed net test_i/pulse_gen_0/inst/r_GM1_carry_i_12_n_0. Optimizations did not improve timing on the net.
INFO: [Physopt 32-663] Processed net test_i/pulse_gen_0/inst/spd_width_latch[6].  Re-placed instance test_i/pulse_gen_0/inst/spd_width_latch_reg[6]
INFO: [Physopt 32-735] Processed net test_i/pulse_gen_0/inst/spd_width_latch[6]. Optimization improves timing on the net.
INFO: [Physopt 32-619] Estimated Timing Summary | WNS=-2.246 | TNS=-100.332 |
INFO: [Physopt 32-663] Processed net test_i/pulse_gen_0/inst/spd_width_latch[5].  Re-placed instance test_i/pulse_gen_0/inst/spd_width_latch_reg[5]
INFO: [Physopt 32-735] Processed net test_i/pulse_gen_0/inst/spd_width_latch[5]. Optimization improves timing on the net.
INFO: [Physopt 32-619] Estimated Timing Summary | WNS=-2.246 | TNS=-100.656 |
INFO: [Physopt 32-702] Processed net test_i/pulse_gen_0/inst/i__carry__0_i_6__4_n_0. Optimizations did not improve timing on the net.
INFO: [Physopt 32-663] Processed net test_i/pulse_gen_0/inst/spd_width_latch[8].  Re-placed instance test_i/pulse_gen_0/inst/spd_width_latch_reg[8]
INFO: [Physopt 32-735] Processed net test_i/pulse_gen_0/inst/spd_width_latch[8]. Optimization improves timing on the net.
INFO: [Physopt 32-619] Estimated Timing Summary | WNS=-2.246 | TNS=-100.701 |
INFO: [Physopt 32-702] Processed net test_i/pulse_gen_0/inst/i__carry__0_i_7__0_n_0. Optimizations did not improve timing on the net.
INFO: [Physopt 32-663] Processed net test_i/pulse_gen_0/inst/spd_width_latch[7].  Re-placed instance test_i/pulse_gen_0/inst/spd_width_latch_reg[7]
INFO: [Physopt 32-735] Processed net test_i/pulse_gen_0/inst/spd_width_latch[7]. Optimization improves timing on the net.
INFO: [Physopt 32-619] Estimated Timing Summary | WNS=-2.246 | TNS=-100.654 |
INFO: [Physopt 32-702] Processed net test_i/pulse_gen_0/inst/strobe_11_carry_i_13_n_0. Optimizations did not improve timing on the net.
INFO: [Physopt 32-702] Processed net test_i/pulse_gen_0/inst/strobe_1. Optimizations did not improve timing on the net.
INFO: [Physopt 32-663] Processed net test_i/pulse_gen_0/inst/spd_width_latch[4].  Re-placed instance test_i/pulse_gen_0/inst/spd_width_latch_reg[4]
INFO: [Physopt 32-735] Processed net test_i/pulse_gen_0/inst/spd_width_latch[4]. Optimization improves timing on the net.
INFO: [Physopt 32-619] Estimated Timing Summary | WNS=-2.246 | TNS=-100.586 |
INFO: [Physopt 32-663] Processed net test_i/pulse_gen_0/inst/spd_width_latch[10].  Re-placed instance test_i/pulse_gen_0/inst/spd_width_latch_reg[10]
INFO: [Physopt 32-735] Processed net test_i/pulse_gen_0/inst/spd_width_latch[10]. Optimization improves timing on the net.
INFO: [Physopt 32-619] Estimated Timing Summary | WNS=-2.246 | TNS=-100.672 |
INFO: [Physopt 32-81] Processed net test_i/pulse_gen_0/inst/spd_width_latch[1]. Replicated 2 times.
INFO: [Physopt 32-735] Processed net test_i/pulse_gen_0/inst/spd_width_latch[1]. Optimization improves timing on the net.
INFO: [Physopt 32-619] Estimated Timing Summary | WNS=-2.246 | TNS=-100.640 |
INFO: [Physopt 32-663] Processed net test_i/pulse_gen_0/inst/spd_width_latch[3].  Re-placed instance test_i/pulse_gen_0/inst/spd_width_latch_reg[3]
INFO: [Physopt 32-735] Processed net test_i/pulse_gen_0/inst/spd_width_latch[3]. Optimization improves timing on the net.
INFO: [Physopt 32-619] Estimated Timing Summary | WNS=-2.246 | TNS=-100.534 |
INFO: [Physopt 32-702] Processed net test_i/pulse_gen_0/inst/i__carry__1_i_6__3_n_0. Optimizations did not improve timing on the net.
INFO: [Physopt 32-81] Processed net test_i/pulse_gen_0/inst/spd_width_latch[12]. Replicated 2 times.
INFO: [Physopt 32-735] Processed net test_i/pulse_gen_0/inst/spd_width_latch[12]. Optimization improves timing on the net.
INFO: [Physopt 32-619] Estimated Timing Summary | WNS=-2.246 | TNS=-100.610 |
INFO: [Physopt 32-663] Processed net test_i/pulse_gen_0/inst/spd_width_latch[11].  Re-placed instance test_i/pulse_gen_0/inst/spd_width_latch_reg[11]
INFO: [Physopt 32-735] Processed net test_i/pulse_gen_0/inst/spd_width_latch[11]. Optimization improves timing on the net.
INFO: [Physopt 32-619] Estimated Timing Summary | WNS=-2.246 | TNS=-100.608 |
INFO: [Physopt 32-702] Processed net test_i/pulse_gen_0/inst/i__carry_i_5__2_n_0. Optimizations did not improve timing on the net.
INFO: [Physopt 32-702] Processed net test_i/pulse_gen_0/inst/i__carry_i_6_n_0. Optimizations did not improve timing on the net.
INFO: [Physopt 32-702] Processed net test_i/pulse_gen_0/inst/strobe_2. Optimizations did not improve timing on the net.
INFO: [Physopt 32-81] Processed net test_i/pulse_gen_0/inst/spd_width_latch[4]. Replicated 3 times.
INFO: [Physopt 32-735] Processed net test_i/pulse_gen_0/inst/spd_width_latch[4]. Optimization improves timing on the net.
INFO: [Physopt 32-619] Estimated Timing Summary | WNS=-2.246 | TNS=-100.642 |
INFO: [Physopt 32-81] Processed net test_i/pulse_gen_0/inst/spd_width_latch[6]. Replicated 4 times.
INFO: [Physopt 32-735] Processed net test_i/pulse_gen_0/inst/spd_width_latch[6]. Optimization improves timing on the net.
INFO: [Physopt 32-619] Estimated Timing Summary | WNS=-2.246 | TNS=-100.633 |
INFO: [Physopt 32-663] Processed net test_i/pulse_gen_0/inst/spd_width_latch[9].  Re-placed instance test_i/pulse_gen_0/inst/spd_width_latch_reg[9]
INFO: [Physopt 32-735] Processed net test_i/pulse_gen_0/inst/spd_width_latch[9]. Optimization improves timing on the net.
INFO: [Physopt 32-619] Estimated Timing Summary | WNS=-2.246 | TNS=-100.627 |
INFO: [Physopt 32-608] Optimized 1 net.  Swapped 6 pins.
INFO: [Physopt 32-735] Processed net test_i/pulse_gen_0/inst/i__carry_i_7__2_n_0. Optimization improves timing on the net.
INFO: [Physopt 32-619] Estimated Timing Summary | WNS=-2.246 | TNS=-100.539 |
INFO: [Physopt 32-702] Processed net test_i/pulse_gen_0/inst/i__carry__3_i_3__3_n_0. Optimizations did not improve timing on the net.
INFO: [Physopt 32-702] Processed net test_i/pulse_gen_0/inst/i__carry__3_i_5__2_n_3. Optimizations did not improve timing on the net.
INFO: [Physopt 32-702] Processed net test_i/pulse_gen_0/inst/i__carry__2_i_5__3_n_0. Optimizations did not improve timing on the net.
INFO: [Physopt 32-663] Processed net test_i/pulse_gen_0/inst/spd_width_latch[14].  Re-placed instance test_i/pulse_gen_0/inst/spd_width_latch_reg[14]
INFO: [Physopt 32-735] Processed net test_i/pulse_gen_0/inst/spd_width_latch[14]. Optimization improves timing on the net.
INFO: [Physopt 32-619] Estimated Timing Summary | WNS=-2.246 | TNS=-100.526 |
INFO: [Physopt 32-702] Processed net test_i/pulse_gen_0/inst/r_GM1_carry_i_10_n_0. Optimizations did not improve timing on the net.
INFO: [Physopt 32-81] Processed net test_i/pulse_gen_0/inst/spd_width_latch[3]. Replicated 4 times.
INFO: [Physopt 32-735] Processed net test_i/pulse_gen_0/inst/spd_width_latch[3]. Optimization improves timing on the net.
INFO: [Physopt 32-619] Estimated Timing Summary | WNS=-2.246 | TNS=-100.408 |
INFO: [Physopt 32-663] Processed net test_i/pulse_gen_0/inst/spd_width_latch[5].  Re-placed instance test_i/pulse_gen_0/inst/spd_width_latch_reg[5]
INFO: [Physopt 32-735] Processed net test_i/pulse_gen_0/inst/spd_width_latch[5]. Optimization improves timing on the net.
INFO: [Physopt 32-619] Estimated Timing Summary | WNS=-2.246 | TNS=-100.386 |
INFO: [Physopt 32-663] Processed net test_i/pulse_gen_0/inst/spd_width_latch[15].  Re-placed instance test_i/pulse_gen_0/inst/spd_width_latch_reg[15]
INFO: [Physopt 32-735] Processed net test_i/pulse_gen_0/inst/spd_width_latch[15]. Optimization improves timing on the net.
INFO: [Physopt 32-619] Estimated Timing Summary | WNS=-2.246 | TNS=-100.504 |
INFO: [Physopt 32-663] Processed net test_i/pulse_gen_0/inst/spd_width_latch[13].  Re-placed instance test_i/pulse_gen_0/inst/spd_width_latch_reg[13]
INFO: [Physopt 32-735] Processed net test_i/pulse_gen_0/inst/spd_width_latch[13]. Optimization improves timing on the net.
INFO: [Physopt 32-619] Estimated Timing Summary | WNS=-2.246 | TNS=-100.489 |
INFO: [Physopt 32-81] Processed net test_i/pulse_gen_0/inst/spd_width_latch[2]_repN. Replicated 2 times.
INFO: [Physopt 32-735] Processed net test_i/pulse_gen_0/inst/spd_width_latch[2]_repN. Optimization improves timing on the net.
INFO: [Physopt 32-619] Estimated Timing Summary | WNS=-2.246 | TNS=-100.479 |
INFO: [Physopt 32-81] Processed net test_i/pulse_gen_0/inst/spd_width_latch[1]_repN. Replicated 3 times.
INFO: [Physopt 32-735] Processed net test_i/pulse_gen_0/inst/spd_width_latch[1]_repN. Optimization improves timing on the net.
INFO: [Physopt 32-619] Estimated Timing Summary | WNS=-2.246 | TNS=-100.526 |
INFO: [Physopt 32-81] Processed net test_i/pulse_gen_0/inst/spd_width_latch[5]. Replicated 3 times.
INFO: [Physopt 32-735] Processed net test_i/pulse_gen_0/inst/spd_width_latch[5]. Optimization improves timing on the net.
INFO: [Physopt 32-619] Estimated Timing Summary | WNS=-2.246 | TNS=-100.385 |
INFO: [Physopt 32-702] Processed net test_i/pulse_gen_0/inst/i__carry__0_i_7__1_n_0. Optimizations did not improve timing on the net.
INFO: [Physopt 32-663] Processed net test_i/pulse_gen_0/inst/spd_width_latch[7].  Re-placed instance test_i/pulse_gen_0/inst/spd_width_latch_reg[7]
INFO: [Physopt 32-735] Processed net test_i/pulse_gen_0/inst/spd_width_latch[7]. Optimization improves timing on the net.
INFO: [Physopt 32-619] Estimated Timing Summary | WNS=-2.246 | TNS=-100.733 |
INFO: [Physopt 32-81] Processed net test_i/pulse_gen_0/inst/spd_width_latch[9]. Replicated 3 times.
INFO: [Physopt 32-735] Processed net test_i/pulse_gen_0/inst/spd_width_latch[9]. Optimization improves timing on the net.
INFO: [Physopt 32-619] Estimated Timing Summary | WNS=-2.246 | TNS=-100.665 |
INFO: [Physopt 32-702] Processed net test_i/pulse_gen_0/inst/strobe_10. Optimizations did not improve timing on the net.
INFO: [Physopt 32-702] Processed net test_i/pulse_gen_0/inst/strobe_10_carry__1_n_0. Optimizations did not improve timing on the net.
INFO: [Physopt 32-702] Processed net test_i/pulse_gen_0/inst/strobe_10_carry__0_n_0. Optimizations did not improve timing on the net.
INFO: [Physopt 32-608] Optimized 1 net.  Swapped 34 pins.
INFO: [Physopt 32-735] Processed net test_i/pulse_gen_0/inst/strobe_10_carry__0_i_7_n_0. Optimization improves timing on the net.
INFO: [Physopt 32-619] Estimated Timing Summary | WNS=-2.246 | TNS=-100.650 |
INFO: [Physopt 32-608] Optimized 1 net.  Swapped 34 pins.
INFO: [Physopt 32-735] Processed net test_i/pulse_gen_0/inst/strobe_10_carry__0_i_8_n_0. Optimization improves timing on the net.
INFO: [Physopt 32-619] Estimated Timing Summary | WNS=-2.246 | TNS=-100.643 |
INFO: [Physopt 32-81] Processed net test_i/pulse_gen_0/inst/spd_width_latch[8]. Replicated 3 times.
INFO: [Physopt 32-735] Processed net test_i/pulse_gen_0/inst/spd_width_latch[8]. Optimization improves timing on the net.
INFO: [Physopt 32-619] Estimated Timing Summary | WNS=-2.246 | TNS=-100.570 |
INFO: [Physopt 32-702] Processed net test_i/pulse_gen_0/inst/strobe_10_carry__1_i_5_n_0. Optimizations did not improve timing on the net.
INFO: [Physopt 32-702] Processed net test_i/pulse_gen_0/inst/strobe_10_carry__1_i_6_n_2. Optimizations did not improve timing on the net.
INFO: [Physopt 32-702] Processed net test_i/pulse_gen_0/inst/strobe_10_carry__0_i_9_n_0. Optimizations did not improve timing on the net.
INFO: [Physopt 32-702] Processed net test_i/pulse_gen_0/inst/strobe_10_carry__0_i_10_n_0. Optimizations did not improve timing on the net.
INFO: [Physopt 32-702] Processed net test_i/pulse_gen_0/inst/strobe_10_carry_i_9_n_0. Optimizations did not improve timing on the net.
INFO: [Physopt 32-702] Processed net test_i/pulse_gen_0/inst/strobe_10_carry_i_10_n_0. Optimizations did not improve timing on the net.
INFO: [Physopt 32-663] Processed net test_i/pulse_gen_0/inst/spd_width_latch[0].  Re-placed instance test_i/pulse_gen_0/inst/spd_width_latch_reg[0]
INFO: [Physopt 32-735] Processed net test_i/pulse_gen_0/inst/spd_width_latch[0]. Optimization improves timing on the net.
INFO: [Physopt 32-619] Estimated Timing Summary | WNS=-2.246 | TNS=-100.521 |
INFO: [Physopt 32-81] Processed net test_i/pulse_gen_0/inst/spd_width_latch[10]. Replicated 3 times.
INFO: [Physopt 32-735] Processed net test_i/pulse_gen_0/inst/spd_width_latch[10]. Optimization improves timing on the net.
INFO: [Physopt 32-619] Estimated Timing Summary | WNS=-2.246 | TNS=-100.370 |
INFO: [Physopt 32-81] Processed net test_i/pulse_gen_0/inst/spd_width_latch[7]. Replicated 4 times.
INFO: [Physopt 32-735] Processed net test_i/pulse_gen_0/inst/spd_width_latch[7]. Optimization improves timing on the net.
INFO: [Physopt 32-619] Estimated Timing Summary | WNS=-2.246 | TNS=-100.227 |
INFO: [Physopt 32-81] Processed net test_i/pulse_gen_0/inst/spd_width_latch[14]. Replicated 3 times.
INFO: [Physopt 32-735] Processed net test_i/pulse_gen_0/inst/spd_width_latch[14]. Optimization improves timing on the net.
INFO: [Physopt 32-619] Estimated Timing Summary | WNS=-2.246 | TNS=-100.168 |
INFO: [Physopt 32-663] Processed net test_i/pulse_gen_0/inst/spd_width_latch[11].  Re-placed instance test_i/pulse_gen_0/inst/spd_width_latch_reg[11]
INFO: [Physopt 32-735] Processed net test_i/pulse_gen_0/inst/spd_width_latch[11]. Optimization improves timing on the net.
INFO: [Physopt 32-619] Estimated Timing Summary | WNS=-2.246 | TNS=-100.075 |
INFO: [Physopt 32-663] Processed net test_i/pulse_gen_0/inst/spd_width_latch[13].  Re-placed instance test_i/pulse_gen_0/inst/spd_width_latch_reg[13]
INFO: [Physopt 32-735] Processed net test_i/pulse_gen_0/inst/spd_width_latch[13]. Optimization improves timing on the net.
INFO: [Physopt 32-619] Estimated Timing Summary | WNS=-2.246 | TNS=-100.058 |
INFO: [Physopt 32-663] Processed net test_i/pulse_gen_0/inst/spd_width_latch[13].  Re-placed instance test_i/pulse_gen_0/inst/spd_width_latch_reg[13]
INFO: [Physopt 32-735] Processed net test_i/pulse_gen_0/inst/spd_width_latch[13]. Optimization improves timing on the net.
INFO: [Physopt 32-619] Estimated Timing Summary | WNS=-2.246 | TNS=-100.174 |
INFO: [Physopt 32-81] Processed net test_i/pulse_gen_0/inst/spd_width_latch[13]. Replicated 3 times.
INFO: [Physopt 32-735] Processed net test_i/pulse_gen_0/inst/spd_width_latch[13]. Optimization improves timing on the net.
INFO: [Physopt 32-619] Estimated Timing Summary | WNS=-2.246 | TNS=-100.050 |
INFO: [Physopt 32-81] Processed net test_i/pulse_gen_0/inst/spd_width_latch[11]. Replicated 3 times.
INFO: [Physopt 32-735] Processed net test_i/pulse_gen_0/inst/spd_width_latch[11]. Optimization improves timing on the net.
INFO: [Physopt 32-619] Estimated Timing Summary | WNS=-2.246 | TNS=-100.049 |
INFO: [Physopt 32-702] Processed net test_i/pulse_gen_0/inst/spd_width_latch[5]_repN. Optimizations did not improve timing on the net.
INFO: [Physopt 32-702] Processed net test_i/controller_0/inst/Q[13]. Optimizations did not improve timing on the net.
INFO: [Physopt 32-702] Processed net test_i/processing_system7_0/inst/FCLK_CLK_unbuffered[0]. Optimizations did not improve timing on the net.
INFO: [Physopt 32-702] Processed net test_i/controller_0/inst/spd_width[16]_i_3_n_0. Optimizations did not improve timing on the net.
INFO: [Physopt 32-702] Processed net test_i/controller_0/inst/spd_track2. Optimizations did not improve timing on the net.
INFO: [Physopt 32-702] Processed net test_i/controller_0/inst/spd_track2_carry__2_i_5_n_0. Optimizations did not improve timing on the net.
INFO: [Physopt 32-702] Processed net test_i/controller_0/inst/spd_width_reg[31]_i_6_n_5. Optimizations did not improve timing on the net.
INFO: [Physopt 32-608] Optimized 1 net.  Swapped 10 pins.
INFO: [Physopt 32-735] Processed net test_i/controller_0/inst/spd_width[23]_i_3_n_0. Optimization improves timing on the net.
INFO: [Physopt 32-619] Estimated Timing Summary | WNS=-2.246 | TNS=-100.049 |
INFO: [Physopt 32-702] Processed net test_i/controller_0/inst/spd_track2_carry__1_i_9_n_0. Optimizations did not improve timing on the net.
INFO: [Physopt 32-702] Processed net test_i/controller_0/inst/corr_numer_carry__4_n_6. Optimizations did not improve timing on the net.
INFO: [Physopt 32-702] Processed net test_i/controller_0/inst/corr_numer_carry_i_1_n_0. Optimizations did not improve timing on the net.
INFO: [Physopt 32-702] Processed net test_i/controller_0/inst/spd_width[13]_i_1_n_0. Optimizations did not improve timing on the net.
INFO: [Physopt 32-702] Processed net test_i/controller_0/inst/corr_residual[1]. Optimizations did not improve timing on the net.
INFO: [Physopt 32-702] Processed net test_i/discriminator_0/inst/r_gm_ff_reg_n_0_[0]. Optimizations did not improve timing on the net.
INFO: [Physopt 32-702] Processed net test_i/pulse_gen_0/inst/r_GM1. Optimizations did not improve timing on the net.
INFO: [Physopt 32-702] Processed net test_i/pulse_gen_0/inst/r_GM1_carry__0_i_7_n_0. Optimizations did not improve timing on the net.
INFO: [Physopt 32-702] Processed net test_i/pulse_gen_0/inst/t_gm[11]. Optimizations did not improve timing on the net.
INFO: [Physopt 32-608] Optimized 1 net.  Swapped 5 pins.
INFO: [Physopt 32-735] Processed net test_i/pulse_gen_0/inst/r_GM. Optimization improves timing on the net.
INFO: [Physopt 32-619] Estimated Timing Summary | WNS=-2.246 | TNS=-100.027 |
INFO: [Physopt 32-702] Processed net test_i/discriminator_0/inst/p_0_in[1]. Optimizations did not improve timing on the net.
INFO: [Physopt 32-702] Processed net test_i/pulse_gen_0/inst/p_1_out_inferred__5/i__carry__6_n_0. Optimizations did not improve timing on the net.
INFO: [Physopt 32-702] Processed net test_i/pulse_gen_0/inst/i__carry__3_i_3__4_n_0. Optimizations did not improve timing on the net.
INFO: [Physopt 32-702] Processed net test_i/pulse_gen_0/inst/i__carry__3_i_5__3_n_3. Optimizations did not improve timing on the net.
INFO: [Physopt 32-702] Processed net test_i/pulse_gen_0/inst/strobe_2. Optimizations did not improve timing on the net.
INFO: [Physopt 32-702] Processed net test_i/pulse_gen_0/inst/spd_width_latch[1]_repN_1. Optimizations did not improve timing on the net.
INFO: [Physopt 32-619] Estimated Timing Summary | WNS=-2.246 | TNS=-100.027 |
Netlist sorting complete. Time (s): cpu = 00:00:00 ; elapsed = 00:00:00.007 . Memory (MB): peak = 2077.223 ; gain = 0.000
Phase 3 Critical Path Optimization | Checksum: 371002a8

Time (s): cpu = 00:00:14 ; elapsed = 00:00:09 . Memory (MB): peak = 2077.223 ; gain = 14.125

Phase 4 Critical Path Optimization
INFO: [Physopt 32-619] Estimated Timing Summary | WNS=-2.246 | TNS=-100.027 |
INFO: [Physopt 32-702] Processed net test_i/controller_0/inst/Q[13]. Optimizations did not improve timing on the net.
INFO: [Physopt 32-702] Processed net test_i/processing_system7_0/inst/FCLK_CLK_unbuffered[0]. Optimizations did not improve timing on the net.
INFO: [Physopt 32-702] Processed net test_i/controller_0/inst/spd_width[16]_i_3_n_0. Optimizations did not improve timing on the net.
INFO: [Physopt 32-702] Processed net test_i/controller_0/inst/spd_track2. Optimizations did not improve timing on the net.
INFO: [Physopt 32-702] Processed net test_i/controller_0/inst/spd_track2_carry__2_n_0. Optimizations did not improve timing on the net.
INFO: [Physopt 32-702] Processed net test_i/controller_0/inst/spd_track2_carry__2_i_5_n_0. Optimizations did not improve timing on the net.
INFO: [Physopt 32-702] Processed net test_i/controller_0/inst/spd_width_reg[31]_i_6_n_5. Optimizations did not improve timing on the net.
INFO: [Physopt 32-702] Processed net test_i/controller_0/inst/spd_width_reg[27]_i_2_n_0. Optimizations did not improve timing on the net.
INFO: [Physopt 32-702] Processed net test_i/controller_0/inst/spd_width_reg[23]_i_2_n_0. Optimizations did not improve timing on the net.
INFO: [Physopt 32-702] Processed net test_i/controller_0/inst/spd_track2_carry__1_i_4_n_0. Optimizations did not improve timing on the net.
INFO: [Physopt 32-702] Processed net test_i/controller_0/inst/spd_track2_carry__1_i_9_n_0. Optimizations did not improve timing on the net.
INFO: [Physopt 32-702] Processed net test_i/controller_0/inst/corr_numer_carry__4_n_6. Optimizations did not improve timing on the net.
INFO: [Physopt 32-702] Processed net test_i/controller_0/inst/corr_numer_carry__3_n_0. Optimizations did not improve timing on the net.
INFO: [Physopt 32-702] Processed net test_i/controller_0/inst/corr_numer_carry__2_n_0. Optimizations did not improve timing on the net.
INFO: [Physopt 32-702] Processed net test_i/controller_0/inst/corr_numer_carry__1_n_0. Optimizations did not improve timing on the net.
INFO: [Physopt 32-702] Processed net test_i/controller_0/inst/corr_numer_carry__0_n_0. Optimizations did not improve timing on the net.
INFO: [Physopt 32-702] Processed net test_i/controller_0/inst/corr_numer_carry_n_0. Optimizations did not improve timing on the net.
INFO: [Physopt 32-702] Processed net test_i/controller_0/inst/corr_numer_carry_i_1_n_0. Optimizations did not improve timing on the net.
INFO: [Physopt 32-702] Processed net test_i/controller_0/inst/spd_width[13]_i_1_n_0. Optimizations did not improve timing on the net.
INFO: [Physopt 32-702] Processed net test_i/controller_0/inst/corr_residual[1]. Optimizations did not improve timing on the net.
INFO: [Physopt 32-702] Processed net test_i/discriminator_0/inst/p_0_in[1]. Optimizations did not improve timing on the net.
INFO: [Physopt 32-702] Processed net test_i/pulse_gen_0/inst/p_1_out_inferred__5/i__carry__6_n_0. Optimizations did not improve timing on the net.
INFO: [Physopt 32-702] Processed net test_i/pulse_gen_0/inst/p_1_out_inferred__5/i__carry__5_n_0. Optimizations did not improve timing on the net.
INFO: [Physopt 32-702] Processed net test_i/pulse_gen_0/inst/p_1_out_inferred__5/i__carry__4_n_0. Optimizations did not improve timing on the net.
INFO: [Physopt 32-702] Processed net test_i/pulse_gen_0/inst/p_1_out_inferred__5/i__carry__3_n_0. Optimizations did not improve timing on the net.
INFO: [Physopt 32-702] Processed net test_i/pulse_gen_0/inst/i__carry__3_i_3__4_n_0. Optimizations did not improve timing on the net.
INFO: [Physopt 32-702] Processed net test_i/pulse_gen_0/inst/i__carry__3_i_5__3_n_3. Optimizations did not improve timing on the net.
INFO: [Physopt 32-702] Processed net test_i/pulse_gen_0/inst/i__carry__2_i_5__4_n_0. Optimizations did not improve timing on the net.
INFO: [Physopt 32-702] Processed net test_i/pulse_gen_0/inst/i__carry__1_i_5__4_n_0. Optimizations did not improve timing on the net.
INFO: [Physopt 32-702] Processed net test_i/pulse_gen_0/inst/i__carry__0_i_5__4_n_0. Optimizations did not improve timing on the net.
INFO: [Physopt 32-702] Processed net test_i/pulse_gen_0/inst/i__carry_i_5__2_n_0. Optimizations did not improve timing on the net.
INFO: [Physopt 32-702] Processed net test_i/pulse_gen_0/inst/strobe_2. Optimizations did not improve timing on the net.
INFO: [Physopt 32-702] Processed net test_i/pulse_gen_0/inst/spd_width_latch[1]_repN_1. Optimizations did not improve timing on the net.
INFO: [Physopt 32-702] Processed net test_i/controller_0/inst/Q[13]. Optimizations did not improve timing on the net.
INFO: [Physopt 32-702] Processed net test_i/processing_system7_0/inst/FCLK_CLK_unbuffered[0]. Optimizations did not improve timing on the net.
INFO: [Physopt 32-702] Processed net test_i/controller_0/inst/spd_width[16]_i_3_n_0. Optimizations did not improve timing on the net.
INFO: [Physopt 32-702] Processed net test_i/controller_0/inst/spd_track2. Optimizations did not improve timing on the net.
INFO: [Physopt 32-702] Processed net test_i/controller_0/inst/spd_track2_carry__2_i_5_n_0. Optimizations did not improve timing on the net.
INFO: [Physopt 32-702] Processed net test_i/controller_0/inst/spd_width_reg[31]_i_6_n_5. Optimizations did not improve timing on the net.
INFO: [Physopt 32-702] Processed net test_i/controller_0/inst/spd_track2_carry__1_i_9_n_0. Optimizations did not improve timing on the net.
INFO: [Physopt 32-702] Processed net test_i/controller_0/inst/corr_numer_carry__4_n_6. Optimizations did not improve timing on the net.
INFO: [Physopt 32-702] Processed net test_i/controller_0/inst/corr_numer_carry_i_1_n_0. Optimizations did not improve timing on the net.
INFO: [Physopt 32-702] Processed net test_i/controller_0/inst/spd_width[13]_i_1_n_0. Optimizations did not improve timing on the net.
INFO: [Physopt 32-702] Processed net test_i/controller_0/inst/corr_residual[1]. Optimizations did not improve timing on the net.
INFO: [Physopt 32-702] Processed net test_i/discriminator_0/inst/p_0_in[1]. Optimizations did not improve timing on the net.
INFO: [Physopt 32-702] Processed net test_i/pulse_gen_0/inst/p_1_out_inferred__5/i__carry__6_n_0. Optimizations did not improve timing on the net.
INFO: [Physopt 32-702] Processed net test_i/pulse_gen_0/inst/i__carry__3_i_3__4_n_0. Optimizations did not improve timing on the net.
INFO: [Physopt 32-702] Processed net test_i/pulse_gen_0/inst/i__carry__3_i_5__3_n_3. Optimizations did not improve timing on the net.
INFO: [Physopt 32-702] Processed net test_i/pulse_gen_0/inst/strobe_2. Optimizations did not improve timing on the net.
INFO: [Physopt 32-702] Processed net test_i/pulse_gen_0/inst/spd_width_latch[1]_repN_1. Optimizations did not improve timing on the net.
INFO: [Physopt 32-619] Estimated Timing Summary | WNS=-2.246 | TNS=-100.027 |
Netlist sorting complete. Time (s): cpu = 00:00:00 ; elapsed = 00:00:00.002 . Memory (MB): peak = 2077.223 ; gain = 0.000
Phase 4 Critical Path Optimization | Checksum: 371002a8

Time (s): cpu = 00:00:15 ; elapsed = 00:00:10 . Memory (MB): peak = 2077.223 ; gain = 14.125
Netlist sorting complete. Time (s): cpu = 00:00:00 ; elapsed = 00:00:00 . Memory (MB): peak = 2077.223 ; gain = 0.000
INFO: [Physopt 32-603] Post Physical Optimization Timing Summary | WNS=-2.246 | TNS=-100.027 |

Summary of Physical Synthesis Optimizations
============================================


-------------------------------------------------------------------------------------------------------------------------------------------------------------
|  Optimization   |  WNS Gain (ns)  |  TNS Gain (ns)  |  Added Cells  |  Removed Cells  |  Optimized Cells/Nets  |  Dont Touch  |  Iterations  |  Elapsed   |
-------------------------------------------------------------------------------------------------------------------------------------------------------------
|  DSP Register   |          0.000  |          0.000  |            0  |              0  |                     0  |           0  |           1  |  00:00:00  |
|  Critical Path  |          0.452  |         11.333  |           47  |              0  |                    68  |           0  |           2  |  00:00:09  |
|  Total          |          0.452  |         11.333  |           47  |              0  |                    68  |           0  |           3  |  00:00:09  |
-------------------------------------------------------------------------------------------------------------------------------------------------------------


Netlist sorting complete. Time (s): cpu = 00:00:00 ; elapsed = 00:00:00.001 . Memory (MB): peak = 2077.223 ; gain = 0.000
Ending Physical Synthesis Task | Checksum: b279304b

Time (s): cpu = 00:00:15 ; elapsed = 00:00:10 . Memory (MB): peak = 2077.223 ; gain = 14.125
INFO: [Common 17-83] Releasing license: Implementation
476 Infos, 2 Warnings, 0 Critical Warnings and 0 Errors encountered.
phys_opt_design completed successfully
phys_opt_design: Time (s): cpu = 00:00:15 ; elapsed = 00:00:10 . Memory (MB): peak = 2077.223 ; gain = 22.695
INFO: [Timing 38-480] Writing timing data to binary archive.
Write ShapeDB Complete: Time (s): cpu = 00:00:00 ; elapsed = 00:00:00.012 . Memory (MB): peak = 2086.027 ; gain = 0.016
Wrote PlaceDB: Time (s): cpu = 00:00:01 ; elapsed = 00:00:00.170 . Memory (MB): peak = 2087.934 ; gain = 1.906
Wrote PulsedLatchDB: Time (s): cpu = 00:00:00 ; elapsed = 00:00:00 . Memory (MB): peak = 2087.934 ; gain = 0.000
Writing XDEF routing.
Writing XDEF routing logical nets.
Writing XDEF routing special nets.
Wrote RouteStorage: Time (s): cpu = 00:00:00 ; elapsed = 00:00:00.031 . Memory (MB): peak = 2087.934 ; gain = 0.000
Wrote Netlist Cache: Time (s): cpu = 00:00:00 ; elapsed = 00:00:00.003 . Memory (MB): peak = 2087.934 ; gain = 0.000
Wrote Device Cache: Time (s): cpu = 00:00:00 ; elapsed = 00:00:00.015 . Memory (MB): peak = 2087.934 ; gain = 0.000
Write Physdb Complete: Time (s): cpu = 00:00:01 ; elapsed = 00:00:00.228 . Memory (MB): peak = 2087.934 ; gain = 1.906
INFO: [Common 17-1381] The checkpoint 'D:/Nhung/FPGA/Track/Track.runs/impl_1/test_wrapper_physopt.dcp' has been generated.
Command: route_design
Attempting to get a license for feature 'Implementation' and/or device 'xc7z020'
INFO: [Common 17-349] Got license for feature 'Implementation' and/or device 'xc7z020'
INFO: [DRC 23-27] Running DRC with 2 threads
INFO: [Vivado_Tcl 4-198] DRC finished with 0 Errors
INFO: [Vivado_Tcl 4-199] Please refer to the DRC report (report_drc) for more information.


Starting Routing Task
INFO: [Route 35-254] Multithreading enabled for route_design using a maximum of 2 CPUs

Phase 1 Build RT Design
Checksum: PlaceDB: 73ac5430 ConstDB: 0 ShapeSum: 1d84449d RouteDB: 15f972f0
Post Restoration Checksum: NetGraph: 3809bb44 | NumContArr: 262f7788 | Constraints: c2a8fa9d | Timing: c2a8fa9d
Phase 1 Build RT Design | Checksum: 1e38b2806

Time (s): cpu = 00:00:33 ; elapsed = 00:00:30 . Memory (MB): peak = 2190.008 ; gain = 92.625

Phase 2 Router Initialization

Phase 2.1 Fix Topology Constraints
Phase 2.1 Fix Topology Constraints | Checksum: 1e38b2806

Time (s): cpu = 00:00:33 ; elapsed = 00:00:31 . Memory (MB): peak = 2190.008 ; gain = 92.625

Phase 2.2 Pre Route Cleanup
Phase 2.2 Pre Route Cleanup | Checksum: 1e38b2806

Time (s): cpu = 00:00:33 ; elapsed = 00:00:31 . Memory (MB): peak = 2190.008 ; gain = 92.625
 Number of Nodes with overlaps = 0

Phase 2.3 Update Timing
Phase 2.3 Update Timing | Checksum: 1d2113e79

Time (s): cpu = 00:00:35 ; elapsed = 00:00:32 . Memory (MB): peak = 2229.719 ; gain = 132.336
INFO: [Route 35-416] Intermediate Timing Summary | WNS=-2.156 | TNS=-90.986| WHS=-0.341 | THS=-6.670 |


Router Utilization Summary
  Global Vertical Routing Utilization    = 0 %
  Global Horizontal Routing Utilization  = 0 %
  Routable Net Status*
  *Does not include unroutable nets such as driverless and loadless.
  Run report_route_status for detailed report.
  Number of Failed Nets               = 1192
    (Failed Nets is the sum of unrouted and partially routed nets)
  Number of Unrouted Nets             = 1192
  Number of Partially Routed Nets     = 0
  Number of Node Overlaps             = 0

Phase 2 Router Initialization | Checksum: 25439be02

Time (s): cpu = 00:00:35 ; elapsed = 00:00:32 . Memory (MB): peak = 2229.719 ; gain = 132.336

Phase 3 Global Routing
Phase 3 Global Routing | Checksum: 25439be02

Time (s): cpu = 00:00:35 ; elapsed = 00:00:32 . Memory (MB): peak = 2229.719 ; gain = 132.336

Phase 4 Initial Routing

Phase 4.1 Initial Net Routing Pass
Phase 4.1 Initial Net Routing Pass | Checksum: 237dbf04a

Time (s): cpu = 00:00:36 ; elapsed = 00:00:32 . Memory (MB): peak = 2229.719 ; gain = 132.336
Phase 4 Initial Routing | Checksum: 237dbf04a

Time (s): cpu = 00:00:36 ; elapsed = 00:00:32 . Memory (MB): peak = 2229.719 ; gain = 132.336
INFO: [Route 35-580] Design has 28 pins with tight setup and hold constraints.

The top 5 pins with tight setup and hold constraints:

+====================+===========================+==============================================+
| Launch Setup Clock | Launch Hold Clock         | Pin                                          |
+====================+===========================+==============================================+
| clk_fpga_0         | clk_fpga_0                | test_i/controller_0/inst/spd_width_reg[1]/D  |
| clk_fpga_0         | clk_fpga_0                | test_i/controller_0/inst/spd_width_reg[0]/D  |
| clk_fpga_0         | clk_fpga_0                | test_i/controller_0/inst/spd_width_reg[31]/D |
| clk_fpga_0         | clk_fpga_0                | test_i/controller_0/inst/spd_width_reg[30]/D |
| clk_fpga_0         | clk_out1_test_clk_wiz_0_0 | test_i/controller_0/inst/spd_width_reg[19]/D |
+--------------------+---------------------------+----------------------------------------------+

File with complete list of pins: tight_setup_hold_pins.txt


Phase 5 Rip-up And Reroute

Phase 5.1 Global Iteration 0
 Number of Nodes with overlaps = 130
 Number of Nodes with overlaps = 28
 Number of Nodes with overlaps = 8
 Number of Nodes with overlaps = 4
 Number of Nodes with overlaps = 0
INFO: [Route 35-416] Intermediate Timing Summary | WNS=-2.762 | TNS=-169.304| WHS=N/A    | THS=N/A    |

Phase 5.1 Global Iteration 0 | Checksum: 20f1fe667

Time (s): cpu = 00:00:37 ; elapsed = 00:00:33 . Memory (MB): peak = 2262.504 ; gain = 165.121

Phase 5.2 Global Iteration 1
 Number of Nodes with overlaps = 33
 Number of Nodes with overlaps = 14
 Number of Nodes with overlaps = 5
 Number of Nodes with overlaps = 2
 Number of Nodes with overlaps = 0
INFO: [Route 35-416] Intermediate Timing Summary | WNS=-2.855 | TNS=-157.129| WHS=N/A    | THS=N/A    |

Phase 5.2 Global Iteration 1 | Checksum: 180ad8681

Time (s): cpu = 00:00:38 ; elapsed = 00:00:34 . Memory (MB): peak = 2262.504 ; gain = 165.121
Phase 5 Rip-up And Reroute | Checksum: 180ad8681

Time (s): cpu = 00:00:38 ; elapsed = 00:00:34 . Memory (MB): peak = 2262.504 ; gain = 165.121

Phase 6 Delay and Skew Optimization

Phase 6.1 Delay CleanUp

Phase 6.1.1 Update Timing
Phase 6.1.1 Update Timing | Checksum: 1e77e8c88

Time (s): cpu = 00:00:38 ; elapsed = 00:00:34 . Memory (MB): peak = 2262.504 ; gain = 165.121
INFO: [Route 35-416] Intermediate Timing Summary | WNS=-2.748 | TNS=-150.601| WHS=N/A    | THS=N/A    |

 Number of Nodes with overlaps = 0
Phase 6.1 Delay CleanUp | Checksum: 2163cb1b6

Time (s): cpu = 00:00:38 ; elapsed = 00:00:34 . Memory (MB): peak = 2262.504 ; gain = 165.121

Phase 6.2 Clock Skew Optimization
Phase 6.2 Clock Skew Optimization | Checksum: 2163cb1b6

Time (s): cpu = 00:00:38 ; elapsed = 00:00:34 . Memory (MB): peak = 2262.504 ; gain = 165.121
Phase 6 Delay and Skew Optimization | Checksum: 2163cb1b6

Time (s): cpu = 00:00:38 ; elapsed = 00:00:34 . Memory (MB): peak = 2262.504 ; gain = 165.121

Phase 7 Post Hold Fix

Phase 7.1 Hold Fix Iter
INFO: [Route 35-416] Intermediate Timing Summary | WNS=-2.748 | TNS=-131.411| WHS=0.047  | THS=0.000  |

Phase 7.1 Hold Fix Iter | Checksum: 22e485bc4

Time (s): cpu = 00:00:38 ; elapsed = 00:00:34 . Memory (MB): peak = 2262.504 ; gain = 165.121
Phase 7 Post Hold Fix | Checksum: 22e485bc4

Time (s): cpu = 00:00:38 ; elapsed = 00:00:34 . Memory (MB): peak = 2262.504 ; gain = 165.121

Phase 8 Route finalize

Router Utilization Summary
  Global Vertical Routing Utilization    = 0.228746 %
  Global Horizontal Routing Utilization  = 0.268678 %
  Routable Net Status*
  *Does not include unroutable nets such as driverless and loadless.
  Run report_route_status for detailed report.
  Number of Failed Nets               = 0
    (Failed Nets is the sum of unrouted and partially routed nets)
  Number of Unrouted Nets             = 0
  Number of Partially Routed Nets     = 0
  Number of Node Overlaps             = 0


--GLOBAL Congestion:
Utilization threshold used for congestion level computation: 0.85
Congestion Report
North Dir 1x1 Area, Max Cong = 45.9459%, No Congested Regions.
South Dir 1x1 Area, Max Cong = 48.6486%, No Congested Regions.
East Dir 1x1 Area, Max Cong = 32.3529%, No Congested Regions.
West Dir 1x1 Area, Max Cong = 42.6471%, No Congested Regions.

------------------------------
Reporting congestion hotspots
------------------------------
Direction: North
----------------
Congested clusters found at Level 0
Effective congestion level: 0 Aspect Ratio: 1 Sparse Ratio: 0
Direction: South
----------------
Congested clusters found at Level 0
Effective congestion level: 0 Aspect Ratio: 1 Sparse Ratio: 0
Direction: East
----------------
Congested clusters found at Level 0
Effective congestion level: 0 Aspect Ratio: 1 Sparse Ratio: 0
Direction: West
----------------
Congested clusters found at Level 0
Effective congestion level: 0 Aspect Ratio: 1 Sparse Ratio: 0

Phase 8 Route finalize | Checksum: 22e485bc4

Time (s): cpu = 00:00:38 ; elapsed = 00:00:34 . Memory (MB): peak = 2262.504 ; gain = 165.121

Phase 9 Verifying routed nets

 Verification completed successfully
Phase 9 Verifying routed nets | Checksum: 22e485bc4

Time (s): cpu = 00:00:38 ; elapsed = 00:00:34 . Memory (MB): peak = 2262.504 ; gain = 165.121

Phase 10 Depositing Routes
Phase 10 Depositing Routes | Checksum: 2cd154191

Time (s): cpu = 00:00:39 ; elapsed = 00:00:34 . Memory (MB): peak = 2262.504 ; gain = 165.121

Phase 11 Post Process Routing
Phase 11 Post Process Routing | Checksum: 2cd154191

Time (s): cpu = 00:00:39 ; elapsed = 00:00:34 . Memory (MB): peak = 2262.504 ; gain = 165.121

Phase 12 Post Router Timing
INFO: [Route 35-57] Estimated Timing Summary | WNS=-2.748 | TNS=-131.411| WHS=0.047  | THS=0.000  |

WARNING: [Route 35-328] Router estimated timing not met.
Resolution: For a complete and accurate timing signoff, report_timing_summary must be run after route_design. Alternatively, route_design can be run with the -timing_summary option to enable a complete timing signoff at the end of route_design.
Phase 12 Post Router Timing | Checksum: 2cd154191

Time (s): cpu = 00:00:39 ; elapsed = 00:00:34 . Memory (MB): peak = 2262.504 ; gain = 165.121
Total Elapsed time in route_design: 34.318 secs

Phase 13 Post-Route Event Processing
Phase 13 Post-Route Event Processing | Checksum: 7e5af275

Time (s): cpu = 00:00:39 ; elapsed = 00:00:34 . Memory (MB): peak = 2262.504 ; gain = 165.121
INFO: [Route 35-16] Router Completed Successfully
Ending Routing Task | Checksum: 7e5af275

Time (s): cpu = 00:00:39 ; elapsed = 00:00:34 . Memory (MB): peak = 2262.504 ; gain = 165.121

Routing Is Done.
INFO: [Common 17-83] Releasing license: Implementation
492 Infos, 3 Warnings, 0 Critical Warnings and 0 Errors encountered.
route_design completed successfully
route_design: Time (s): cpu = 00:00:41 ; elapsed = 00:00:35 . Memory (MB): peak = 2262.504 ; gain = 174.570
INFO: [Vivado 12-24828] Executing command : report_drc -file test_wrapper_drc_routed.rpt -pb test_wrapper_drc_routed.pb -rpx test_wrapper_drc_routed.rpx
Command: report_drc -file test_wrapper_drc_routed.rpt -pb test_wrapper_drc_routed.pb -rpx test_wrapper_drc_routed.rpx
INFO: [IP_Flow 19-1839] IP Catalog is up to date.
INFO: [DRC 23-27] Running DRC with 2 threads
INFO: [Vivado_Tcl 2-168] The results of DRC are in file D:/Nhung/FPGA/Track/Track.runs/impl_1/test_wrapper_drc_routed.rpt.
report_drc completed successfully
INFO: [Vivado 12-24828] Executing command : report_methodology -file test_wrapper_methodology_drc_routed.rpt -pb test_wrapper_methodology_drc_routed.pb -rpx test_wrapper_methodology_drc_routed.rpx
Command: report_methodology -file test_wrapper_methodology_drc_routed.rpt -pb test_wrapper_methodology_drc_routed.pb -rpx test_wrapper_methodology_drc_routed.rpx
INFO: [Timing 38-35] Done setting XDC timing constraints.
INFO: [DRC 23-133] Running Methodology with 2 threads
INFO: [Vivado_Tcl 2-1520] The results of Report Methodology are in file D:/Nhung/FPGA/Track/Track.runs/impl_1/test_wrapper_methodology_drc_routed.rpt.
report_methodology completed successfully
INFO: [Vivado 12-24828] Executing command : report_timing_summary -max_paths 10 -report_unconstrained -file test_wrapper_timing_summary_routed.rpt -pb test_wrapper_timing_summary_routed.pb -rpx test_wrapper_timing_summary_routed.rpx -warn_on_violation 
INFO: [Timing 38-35] Done setting XDC timing constraints.
INFO: [Timing 38-91] UpdateTimingParams: Speed grade: -1, Delay Type: min_max.
INFO: [Timing 38-191] Multithreading enabled for timing update using a maximum of 2 CPUs
CRITICAL WARNING: [Timing 38-282] The design failed to meet the timing requirements. Please see the timing summary report for details on the timing violations.
INFO: [Vivado 12-24838] Running report commands "report_incremental_reuse, report_route_status" in parallel.
Running report generation with 2 threads.
INFO: [Vivado 12-24828] Executing command : report_incremental_reuse -file test_wrapper_incremental_reuse_routed.rpt
INFO: [Vivado_Tcl 4-1062] Incremental flow is disabled. No incremental reuse Info to report.
INFO: [Vivado 12-24828] Executing command : report_route_status -file test_wrapper_route_status.rpt -pb test_wrapper_route_status.pb
INFO: [Vivado 12-24828] Executing command : report_power -file test_wrapper_power_routed.rpt -pb test_wrapper_power_summary_routed.pb -rpx test_wrapper_power_routed.rpx
Command: report_power -file test_wrapper_power_routed.rpt -pb test_wrapper_power_summary_routed.pb -rpx test_wrapper_power_routed.rpx
Running Vector-less Activity Propagation...

Finished Running Vector-less Activity Propagation
509 Infos, 3 Warnings, 1 Critical Warnings and 0 Errors encountered.
report_power completed successfully
INFO: [Vivado 12-24828] Executing command : report_clock_utilization -file test_wrapper_clock_utilization_routed.rpt
INFO: [Vivado 12-24828] Executing command : report_bus_skew -warn_on_violation -file test_wrapper_bus_skew_routed.rpt -pb test_wrapper_bus_skew_routed.pb -rpx test_wrapper_bus_skew_routed.rpx
INFO: [Timing 38-91] UpdateTimingParams: Speed grade: -1, Delay Type: min_max.
INFO: [Timing 38-191] Multithreading enabled for timing update using a maximum of 2 CPUs
generate_parallel_reports: Time (s): cpu = 00:00:19 ; elapsed = 00:00:11 . Memory (MB): peak = 2301.582 ; gain = 39.078
INFO: [Timing 38-480] Writing timing data to binary archive.
Write ShapeDB Complete: Time (s): cpu = 00:00:00 ; elapsed = 00:00:00.012 . Memory (MB): peak = 2301.582 ; gain = 0.000
Wrote PlaceDB: Time (s): cpu = 00:00:00 ; elapsed = 00:00:00.187 . Memory (MB): peak = 2301.582 ; gain = 0.000
Wrote PulsedLatchDB: Time (s): cpu = 00:00:00 ; elapsed = 00:00:00 . Memory (MB): peak = 2301.582 ; gain = 0.000
Writing XDEF routing.
Writing XDEF routing logical nets.
Writing XDEF routing special nets.
Wrote RouteStorage: Time (s): cpu = 00:00:00 ; elapsed = 00:00:00.049 . Memory (MB): peak = 2301.582 ; gain = 0.000
Wrote Netlist Cache: Time (s): cpu = 00:00:00 ; elapsed = 00:00:00.004 . Memory (MB): peak = 2301.582 ; gain = 0.000
Wrote Device Cache: Time (s): cpu = 00:00:00 ; elapsed = 00:00:00.018 . Memory (MB): peak = 2301.582 ; gain = 0.000
Write Physdb Complete: Time (s): cpu = 00:00:00 ; elapsed = 00:00:00.268 . Memory (MB): peak = 2301.582 ; gain = 0.000
INFO: [Common 17-1381] The checkpoint 'D:/Nhung/FPGA/Track/Track.runs/impl_1/test_wrapper_routed.dcp' has been generated.
Command: write_bitstream -force test_wrapper.bit
Attempting to get a license for feature 'Implementation' and/or device 'xc7z020'
INFO: [Common 17-349] Got license for feature 'Implementation' and/or device 'xc7z020'
Running DRC as a precondition to command write_bitstream
INFO: [IP_Flow 19-1839] IP Catalog is up to date.
INFO: [DRC 23-27] Running DRC with 2 threads
INFO: [Vivado 12-3199] DRC finished with 0 Errors
INFO: [Vivado 12-3200] Please refer to the DRC report (report_drc) for more information.
INFO: [Designutils 20-2272] Running write_bitstream with 2 threads.
Loading data files...
Loading site data...
Loading route data...
Processing options...
Creating bitmap...
Creating bitstream...
Writing bitstream ./test_wrapper.bit...
INFO: [Vivado 12-1842] Bitgen Completed Successfully.
INFO: [Project 1-1876] WebTalk data collection is mandatory when using a ULT device. To see the specific WebTalk data collected for your design, open the usage_statistics_webtalk.html or usage_statistics_webtalk.xml file in the implementation directory.
INFO: [Common 17-83] Releasing license: Implementation
524 Infos, 3 Warnings, 1 Critical Warnings and 0 Errors encountered.
write_bitstream completed successfully
write_bitstream: Time (s): cpu = 00:00:21 ; elapsed = 00:00:15 . Memory (MB): peak = 2813.773 ; gain = 512.191
INFO: [Common 17-206] Exiting Vivado at Mon May  4 10:31:23 2026...
