Copyright 1986-2022 Xilinx, Inc. All Rights Reserved. Copyright 2022-2025 Advanced Micro Devices, Inc. All Rights Reserved.
--------------------------------------------------------------------------------------------------------------------------------------------------------------------------
| Tool Version : Vivado v.2024.2.2 (win64) Build 6060944 Thu Mar 06 19:10:01 MST 2025
| Date         : Mon May  4 09:25:37 2026
| Host         : MSN running 64-bit major release  (build 9200)
| Command      : report_methodology -file test_wrapper_methodology_drc_routed.rpt -pb test_wrapper_methodology_drc_routed.pb -rpx test_wrapper_methodology_drc_routed.rpx
| Design       : test_wrapper
| Device       : xc7z020clg400-1
| Speed File   : -1
| Design State : Fully Routed
--------------------------------------------------------------------------------------------------------------------------------------------------------------------------

Report Methodology

Table of Contents
-----------------
1. REPORT SUMMARY
2. REPORT DETAILS

1. REPORT SUMMARY
-----------------
            Netlist: netlist
          Floorplan: design_1
      Design limits: <entire design considered>
             Max checks: <unlimited>
             Checks found: 47
+-----------+------------------+----------------------------------------------------+--------+
| Rule      | Severity         | Description                                        | Checks |
+-----------+------------------+----------------------------------------------------+--------+
| TIMING-4  | Critical Warning | Invalid primary clock redefinition on a clock tree | 1      |
| TIMING-6  | Critical Warning | No common primary clock between related clocks     | 2      |
| TIMING-7  | Critical Warning | No common node between related clocks              | 2      |
| TIMING-27 | Critical Warning | Invalid primary clock on hierarchical pin          | 1      |
| TIMING-16 | Warning          | Large setup violation                              | 35     |
| TIMING-18 | Warning          | Missing input or output delay                      | 6      |
+-----------+------------------+----------------------------------------------------+--------+

2. REPORT DETAILS
-----------------
TIMING-4#1 Critical Warning
Invalid primary clock redefinition on a clock tree  
Invalid clock redefinition on a clock tree. The primary clock test_i/clk_wiz_0/inst/clk_in1 is defined downstream of clock clk_fpga_0 and overrides its insertion delay and/or waveform definition
Related violations: <none>

TIMING-6#1 Critical Warning
No common primary clock between related clocks  
The clocks clk_fpga_0 and clk_out1_test_clk_wiz_0_0 are related (timed together) but they have no common primary clock. The design could fail in hardware. To find a timing path between these clocks, run the following command: report_timing -from [get_clocks clk_fpga_0] -to [get_clocks clk_out1_test_clk_wiz_0_0]
Related violations: <none>

TIMING-6#2 Critical Warning
No common primary clock between related clocks  
The clocks clk_out1_test_clk_wiz_0_0 and clk_fpga_0 are related (timed together) but they have no common primary clock. The design could fail in hardware. To find a timing path between these clocks, run the following command: report_timing -from [get_clocks clk_out1_test_clk_wiz_0_0] -to [get_clocks clk_fpga_0]
Related violations: <none>

TIMING-7#1 Critical Warning
No common node between related clocks  
The clocks clk_fpga_0 and clk_out1_test_clk_wiz_0_0 are related (timed together) but they have no common node. The design could fail in hardware. To find a timing path between these clocks, run the following command: report_timing -from [get_clocks clk_fpga_0] -to [get_clocks clk_out1_test_clk_wiz_0_0]
Related violations: <none>

TIMING-7#2 Critical Warning
No common node between related clocks  
The clocks clk_out1_test_clk_wiz_0_0 and clk_fpga_0 are related (timed together) but they have no common node. The design could fail in hardware. To find a timing path between these clocks, run the following command: report_timing -from [get_clocks clk_out1_test_clk_wiz_0_0] -to [get_clocks clk_fpga_0]
Related violations: <none>

TIMING-27#1 Critical Warning
Invalid primary clock on hierarchical pin  
A primary clock test_i/clk_wiz_0/inst/clk_in1 is created on an inappropriate internal pin test_i/clk_wiz_0/inst/clk_in1. It is not recommended to create a primary clock on a hierarchical pin when its driver pin has a fanout connected to multiple clock pins
Related violations: <none>

TIMING-16#1 Warning
Large setup violation  
There is a large setup violation of -1.564 ns between test_i/pulse_gen_0/inst/spd_width_latch_reg[6]/C (clocked by clk_fpga_0) and test_i/discriminator_0/inst/stb2_ff_reg[0]/D (clocked by clk_out1_test_clk_wiz_0_0). Large setup violations at the end of those stages might be difficult to fix during the post-placement implementation flow and could be the result of non-optimal XDC constraints or non-optimal design architecture
Related violations: <none>

TIMING-16#2 Warning
Large setup violation  
There is a large setup violation of -1.624 ns between test_i/pulse_gen_0/inst/spd_width_latch_reg[9]/C (clocked by clk_fpga_0) and test_i/discriminator_0/inst/r_gm_ff_reg[0]/D (clocked by clk_out1_test_clk_wiz_0_0). Large setup violations at the end of those stages might be difficult to fix during the post-placement implementation flow and could be the result of non-optimal XDC constraints or non-optimal design architecture
Related violations: <none>

TIMING-16#3 Warning
Large setup violation  
There is a large setup violation of -1.629 ns between test_i/pulse_gen_0/inst/spd_width_latch_reg[8]/C (clocked by clk_fpga_0) and test_i/discriminator_0/inst/stb1_ff_reg[0]/D (clocked by clk_out1_test_clk_wiz_0_0). Large setup violations at the end of those stages might be difficult to fix during the post-placement implementation flow and could be the result of non-optimal XDC constraints or non-optimal design architecture
Related violations: <none>

TIMING-16#4 Warning
Large setup violation  
There is a large setup violation of -1.979 ns between test_i/discriminator_0/inst/error_reg[1]/C (clocked by clk_out1_test_clk_wiz_0_0) and test_i/controller_0/inst/spd_width_reg[17]/D (clocked by clk_fpga_0). Large setup violations at the end of those stages might be difficult to fix during the post-placement implementation flow and could be the result of non-optimal XDC constraints or non-optimal design architecture
Related violations: <none>

TIMING-16#5 Warning
Large setup violation  
There is a large setup violation of -1.981 ns between test_i/discriminator_0/inst/error_reg[1]/C (clocked by clk_out1_test_clk_wiz_0_0) and test_i/controller_0/inst/spd_width_reg[18]/D (clocked by clk_fpga_0). Large setup violations at the end of those stages might be difficult to fix during the post-placement implementation flow and could be the result of non-optimal XDC constraints or non-optimal design architecture
Related violations: <none>

TIMING-16#6 Warning
Large setup violation  
There is a large setup violation of -2.034 ns between test_i/discriminator_0/inst/error_reg[1]/C (clocked by clk_out1_test_clk_wiz_0_0) and test_i/controller_0/inst/spd_width_reg[25]/D (clocked by clk_fpga_0). Large setup violations at the end of those stages might be difficult to fix during the post-placement implementation flow and could be the result of non-optimal XDC constraints or non-optimal design architecture
Related violations: <none>

TIMING-16#7 Warning
Large setup violation  
There is a large setup violation of -2.047 ns between test_i/discriminator_0/inst/error_reg[1]/C (clocked by clk_out1_test_clk_wiz_0_0) and test_i/controller_0/inst/spd_width_reg[28]/D (clocked by clk_fpga_0). Large setup violations at the end of those stages might be difficult to fix during the post-placement implementation flow and could be the result of non-optimal XDC constraints or non-optimal design architecture
Related violations: <none>

TIMING-16#8 Warning
Large setup violation  
There is a large setup violation of -2.058 ns between test_i/discriminator_0/inst/error_reg[1]/C (clocked by clk_out1_test_clk_wiz_0_0) and test_i/controller_0/inst/spd_width_reg[20]/D (clocked by clk_fpga_0). Large setup violations at the end of those stages might be difficult to fix during the post-placement implementation flow and could be the result of non-optimal XDC constraints or non-optimal design architecture
Related violations: <none>

TIMING-16#9 Warning
Large setup violation  
There is a large setup violation of -2.078 ns between test_i/discriminator_0/inst/error_reg[1]/C (clocked by clk_out1_test_clk_wiz_0_0) and test_i/controller_0/inst/spd_width_reg[31]/D (clocked by clk_fpga_0). Large setup violations at the end of those stages might be difficult to fix during the post-placement implementation flow and could be the result of non-optimal XDC constraints or non-optimal design architecture
Related violations: <none>

TIMING-16#10 Warning
Large setup violation  
There is a large setup violation of -2.126 ns between test_i/discriminator_0/inst/error_reg[1]/C (clocked by clk_out1_test_clk_wiz_0_0) and test_i/controller_0/inst/spd_width_reg[26]/D (clocked by clk_fpga_0). Large setup violations at the end of those stages might be difficult to fix during the post-placement implementation flow and could be the result of non-optimal XDC constraints or non-optimal design architecture
Related violations: <none>

TIMING-16#11 Warning
Large setup violation  
There is a large setup violation of -2.133 ns between test_i/discriminator_0/inst/error_reg[1]/C (clocked by clk_out1_test_clk_wiz_0_0) and test_i/controller_0/inst/spd_width_reg[2]/D (clocked by clk_fpga_0). Large setup violations at the end of those stages might be difficult to fix during the post-placement implementation flow and could be the result of non-optimal XDC constraints or non-optimal design architecture
Related violations: <none>

TIMING-16#12 Warning
Large setup violation  
There is a large setup violation of -2.135 ns between test_i/discriminator_0/inst/error_reg[1]/C (clocked by clk_out1_test_clk_wiz_0_0) and test_i/controller_0/inst/spd_width_reg[5]/D (clocked by clk_fpga_0). Large setup violations at the end of those stages might be difficult to fix during the post-placement implementation flow and could be the result of non-optimal XDC constraints or non-optimal design architecture
Related violations: <none>

TIMING-16#13 Warning
Large setup violation  
There is a large setup violation of -2.155 ns between test_i/discriminator_0/inst/error_reg[1]/C (clocked by clk_out1_test_clk_wiz_0_0) and test_i/controller_0/inst/spd_width_reg[1]/D (clocked by clk_fpga_0). Large setup violations at the end of those stages might be difficult to fix during the post-placement implementation flow and could be the result of non-optimal XDC constraints or non-optimal design architecture
Related violations: <none>

TIMING-16#14 Warning
Large setup violation  
There is a large setup violation of -2.157 ns between test_i/discriminator_0/inst/error_reg[1]/C (clocked by clk_out1_test_clk_wiz_0_0) and test_i/controller_0/inst/spd_width_reg[12]/D (clocked by clk_fpga_0). Large setup violations at the end of those stages might be difficult to fix during the post-placement implementation flow and could be the result of non-optimal XDC constraints or non-optimal design architecture
Related violations: <none>

TIMING-16#15 Warning
Large setup violation  
There is a large setup violation of -2.163 ns between test_i/discriminator_0/inst/error_reg[1]/C (clocked by clk_out1_test_clk_wiz_0_0) and test_i/controller_0/inst/spd_width_reg[21]/D (clocked by clk_fpga_0). Large setup violations at the end of those stages might be difficult to fix during the post-placement implementation flow and could be the result of non-optimal XDC constraints or non-optimal design architecture
Related violations: <none>

TIMING-16#16 Warning
Large setup violation  
There is a large setup violation of -2.179 ns between test_i/discriminator_0/inst/error_reg[1]/C (clocked by clk_out1_test_clk_wiz_0_0) and test_i/controller_0/inst/spd_width_reg[24]/D (clocked by clk_fpga_0). Large setup violations at the end of those stages might be difficult to fix during the post-placement implementation flow and could be the result of non-optimal XDC constraints or non-optimal design architecture
Related violations: <none>

TIMING-16#17 Warning
Large setup violation  
There is a large setup violation of -2.248 ns between test_i/discriminator_0/inst/error_reg[1]/C (clocked by clk_out1_test_clk_wiz_0_0) and test_i/controller_0/inst/spd_width_reg[3]/D (clocked by clk_fpga_0). Large setup violations at the end of those stages might be difficult to fix during the post-placement implementation flow and could be the result of non-optimal XDC constraints or non-optimal design architecture
Related violations: <none>

TIMING-16#18 Warning
Large setup violation  
There is a large setup violation of -2.249 ns between test_i/discriminator_0/inst/error_reg[1]/C (clocked by clk_out1_test_clk_wiz_0_0) and test_i/controller_0/inst/spd_width_reg[14]/D (clocked by clk_fpga_0). Large setup violations at the end of those stages might be difficult to fix during the post-placement implementation flow and could be the result of non-optimal XDC constraints or non-optimal design architecture
Related violations: <none>

TIMING-16#19 Warning
Large setup violation  
There is a large setup violation of -2.251 ns between test_i/discriminator_0/inst/error_reg[1]/C (clocked by clk_out1_test_clk_wiz_0_0) and test_i/controller_0/inst/spd_width_reg[11]/D (clocked by clk_fpga_0). Large setup violations at the end of those stages might be difficult to fix during the post-placement implementation flow and could be the result of non-optimal XDC constraints or non-optimal design architecture
Related violations: <none>

TIMING-16#20 Warning
Large setup violation  
There is a large setup violation of -2.296 ns between test_i/discriminator_0/inst/error_reg[1]/C (clocked by clk_out1_test_clk_wiz_0_0) and test_i/controller_0/inst/spd_width_reg[19]/D (clocked by clk_fpga_0). Large setup violations at the end of those stages might be difficult to fix during the post-placement implementation flow and could be the result of non-optimal XDC constraints or non-optimal design architecture
Related violations: <none>

TIMING-16#21 Warning
Large setup violation  
There is a large setup violation of -2.296 ns between test_i/discriminator_0/inst/error_reg[1]/C (clocked by clk_out1_test_clk_wiz_0_0) and test_i/controller_0/inst/spd_width_reg[30]/D (clocked by clk_fpga_0). Large setup violations at the end of those stages might be difficult to fix during the post-placement implementation flow and could be the result of non-optimal XDC constraints or non-optimal design architecture
Related violations: <none>

TIMING-16#22 Warning
Large setup violation  
There is a large setup violation of -2.298 ns between test_i/discriminator_0/inst/error_reg[1]/C (clocked by clk_out1_test_clk_wiz_0_0) and test_i/controller_0/inst/spd_width_reg[23]/D (clocked by clk_fpga_0). Large setup violations at the end of those stages might be difficult to fix during the post-placement implementation flow and could be the result of non-optimal XDC constraints or non-optimal design architecture
Related violations: <none>

TIMING-16#23 Warning
Large setup violation  
There is a large setup violation of -2.298 ns between test_i/discriminator_0/inst/error_reg[1]/C (clocked by clk_out1_test_clk_wiz_0_0) and test_i/controller_0/inst/spd_width_reg[29]/D (clocked by clk_fpga_0). Large setup violations at the end of those stages might be difficult to fix during the post-placement implementation flow and could be the result of non-optimal XDC constraints or non-optimal design architecture
Related violations: <none>

TIMING-16#24 Warning
Large setup violation  
There is a large setup violation of -2.383 ns between test_i/discriminator_0/inst/error_reg[1]/C (clocked by clk_out1_test_clk_wiz_0_0) and test_i/controller_0/inst/spd_width_reg[27]/D (clocked by clk_fpga_0). Large setup violations at the end of those stages might be difficult to fix during the post-placement implementation flow and could be the result of non-optimal XDC constraints or non-optimal design architecture
Related violations: <none>

TIMING-16#25 Warning
Large setup violation  
There is a large setup violation of -2.387 ns between test_i/discriminator_0/inst/error_reg[1]/C (clocked by clk_out1_test_clk_wiz_0_0) and test_i/controller_0/inst/spd_width_reg[16]/D (clocked by clk_fpga_0). Large setup violations at the end of those stages might be difficult to fix during the post-placement implementation flow and could be the result of non-optimal XDC constraints or non-optimal design architecture
Related violations: <none>

TIMING-16#26 Warning
Large setup violation  
There is a large setup violation of -2.387 ns between test_i/discriminator_0/inst/error_reg[1]/C (clocked by clk_out1_test_clk_wiz_0_0) and test_i/controller_0/inst/spd_width_reg[22]/D (clocked by clk_fpga_0). Large setup violations at the end of those stages might be difficult to fix during the post-placement implementation flow and could be the result of non-optimal XDC constraints or non-optimal design architecture
Related violations: <none>

TIMING-16#27 Warning
Large setup violation  
There is a large setup violation of -2.452 ns between test_i/discriminator_0/inst/error_reg[1]/C (clocked by clk_out1_test_clk_wiz_0_0) and test_i/controller_0/inst/spd_width_reg[15]/D (clocked by clk_fpga_0). Large setup violations at the end of those stages might be difficult to fix during the post-placement implementation flow and could be the result of non-optimal XDC constraints or non-optimal design architecture
Related violations: <none>

TIMING-16#28 Warning
Large setup violation  
There is a large setup violation of -2.485 ns between test_i/discriminator_0/inst/error_reg[1]/C (clocked by clk_out1_test_clk_wiz_0_0) and test_i/controller_0/inst/spd_width_reg[9]/D (clocked by clk_fpga_0). Large setup violations at the end of those stages might be difficult to fix during the post-placement implementation flow and could be the result of non-optimal XDC constraints or non-optimal design architecture
Related violations: <none>

TIMING-16#29 Warning
Large setup violation  
There is a large setup violation of -2.488 ns between test_i/discriminator_0/inst/error_reg[1]/C (clocked by clk_out1_test_clk_wiz_0_0) and test_i/controller_0/inst/spd_width_reg[6]/D (clocked by clk_fpga_0). Large setup violations at the end of those stages might be difficult to fix during the post-placement implementation flow and could be the result of non-optimal XDC constraints or non-optimal design architecture
Related violations: <none>

TIMING-16#30 Warning
Large setup violation  
There is a large setup violation of -2.513 ns between test_i/discriminator_0/inst/error_reg[1]/C (clocked by clk_out1_test_clk_wiz_0_0) and test_i/controller_0/inst/spd_width_reg[7]/D (clocked by clk_fpga_0). Large setup violations at the end of those stages might be difficult to fix during the post-placement implementation flow and could be the result of non-optimal XDC constraints or non-optimal design architecture
Related violations: <none>

TIMING-16#31 Warning
Large setup violation  
There is a large setup violation of -2.520 ns between test_i/discriminator_0/inst/error_reg[1]/C (clocked by clk_out1_test_clk_wiz_0_0) and test_i/controller_0/inst/spd_width_reg[10]/D (clocked by clk_fpga_0). Large setup violations at the end of those stages might be difficult to fix during the post-placement implementation flow and could be the result of non-optimal XDC constraints or non-optimal design architecture
Related violations: <none>

TIMING-16#32 Warning
Large setup violation  
There is a large setup violation of -2.521 ns between test_i/discriminator_0/inst/error_reg[1]/C (clocked by clk_out1_test_clk_wiz_0_0) and test_i/controller_0/inst/spd_width_reg[13]/D (clocked by clk_fpga_0). Large setup violations at the end of those stages might be difficult to fix during the post-placement implementation flow and could be the result of non-optimal XDC constraints or non-optimal design architecture
Related violations: <none>

TIMING-16#33 Warning
Large setup violation  
There is a large setup violation of -2.524 ns between test_i/discriminator_0/inst/error_reg[1]/C (clocked by clk_out1_test_clk_wiz_0_0) and test_i/controller_0/inst/spd_width_reg[8]/D (clocked by clk_fpga_0). Large setup violations at the end of those stages might be difficult to fix during the post-placement implementation flow and could be the result of non-optimal XDC constraints or non-optimal design architecture
Related violations: <none>

TIMING-16#34 Warning
Large setup violation  
There is a large setup violation of -2.582 ns between test_i/discriminator_0/inst/error_reg[1]/C (clocked by clk_out1_test_clk_wiz_0_0) and test_i/controller_0/inst/spd_width_reg[4]/D (clocked by clk_fpga_0). Large setup violations at the end of those stages might be difficult to fix during the post-placement implementation flow and could be the result of non-optimal XDC constraints or non-optimal design architecture
Related violations: <none>

TIMING-16#35 Warning
Large setup violation  
There is a large setup violation of -2.763 ns between test_i/discriminator_0/inst/error_reg[1]/C (clocked by clk_out1_test_clk_wiz_0_0) and test_i/controller_0/inst/spd_width_reg[0]/D (clocked by clk_fpga_0). Large setup violations at the end of those stages might be difficult to fix during the post-placement implementation flow and could be the result of non-optimal XDC constraints or non-optimal design architecture
Related violations: <none>

TIMING-18#1 Warning
Missing input or output delay  
An output delay is missing on pulse_delay_0 relative to the rising and/or falling clock edge(s) of clk_fpga_0.
Related violations: <none>

TIMING-18#2 Warning
Missing input or output delay  
An output delay is missing on pulse_target_0 relative to the rising and/or falling clock edge(s) of clk_fpga_0.
Related violations: <none>

TIMING-18#3 Warning
Missing input or output delay  
An output delay is missing on r0_YBK_0 relative to the rising and/or falling clock edge(s) of clk_fpga_0.
Related violations: <none>

TIMING-18#4 Warning
Missing input or output delay  
An output delay is missing on r0_YB_0 relative to the rising and/or falling clock edge(s) of clk_fpga_0.
Related violations: <none>

TIMING-18#5 Warning
Missing input or output delay  
An output delay is missing on strobe_1_0 relative to the rising and/or falling clock edge(s) of clk_fpga_0.
Related violations: <none>

TIMING-18#6 Warning
Missing input or output delay  
An output delay is missing on strobe_2_0 relative to the rising and/or falling clock edge(s) of clk_fpga_0.
Related violations: <none>


