Copyright 1986-2022 Xilinx, Inc. All Rights Reserved. Copyright 2022-2025 Advanced Micro Devices, Inc. All Rights Reserved.
---------------------------------------------------------------------------------------------------------------------------------------------
| Tool Version : Vivado v.2024.2.2 (win64) Build 6060944 Thu Mar 06 19:10:01 MST 2025
| Date         : Mon May 11 14:16:01 2026
| Host         : MSN running 64-bit major release  (build 9200)
| Command      : report_drc -file test_wrapper_drc_routed.rpt -pb test_wrapper_drc_routed.pb -rpx test_wrapper_drc_routed.rpx
| Design       : test_wrapper
| Device       : xc7z020clg400-1
| Speed File   : -1
| Design State : Fully Routed
---------------------------------------------------------------------------------------------------------------------------------------------

Report DRC

Table of Contents
-----------------
1. REPORT SUMMARY
2. REPORT DETAILS

1. REPORT SUMMARY
-----------------
            Netlist: netlist
          Floorplan: design_1
      Design limits: <entire design considered>
           Ruledeck: default
             Max checks: <unlimited>
             Checks found: 9
+-----------+----------+----------------------------+--------+
| Rule      | Severity | Description                | Checks |
+-----------+----------+----------------------------+--------+
| PDRC-132  | Warning  | SLICE_PairEqSame_A6A5_WARN | 2      |
| PDRC-138  | Warning  | SLICE_PairEqSame_D6D5_WARN | 1      |
| PDRC-140  | Warning  | SLICE_PairEqSame_A6A5_WARN | 1      |
| PDRC-142  | Warning  | SLICE_PairEqSame_B6B5_WARN | 1      |
| REQP-1615 | Warning  | use_IOB_register           | 3      |
| RTSTAT-10 | Warning  | No routable loads          | 1      |
+-----------+----------+----------------------------+--------+

2. REPORT DETAILS
-----------------
PDRC-132#1 Warning
SLICE_PairEqSame_A6A5_WARN  
Luts A6LUT and A5LUT in use in site SLICE_X95Y59 with different equations without A6 pin connected to Global Logic High.
Related violations: <none>

PDRC-132#2 Warning
SLICE_PairEqSame_A6A5_WARN  
Luts A6LUT and A5LUT in use in site SLICE_X95Y61 with different equations without A6 pin connected to Global Logic High.
Related violations: <none>

PDRC-138#1 Warning
SLICE_PairEqSame_D6D5_WARN  
Luts D6LUT and D5LUT in use in site SLICE_X93Y59 with different equations without A6 pin connected to Global Logic High.
Related violations: <none>

PDRC-140#1 Warning
SLICE_PairEqSame_A6A5_WARN  
Luts A6LUT and A5LUT in use in site SLICE_X90Y58 with different equations without A6 pin connected to Global Logic High.
Related violations: <none>

PDRC-142#1 Warning
SLICE_PairEqSame_B6B5_WARN  
Luts B6LUT and B5LUT in use in site SLICE_X90Y58 with different equations without A6 pin connected to Global Logic High.
Related violations: <none>

REQP-1615#1 Warning
use_IOB_register  
The FDCE cell test_i/pulse_gen_0/inst/strobe_1_reg has IOB set to TRUE, but does not connect directly to an IO cell. Remove the constraint or ensure the FDCE is properly connected to an IO.
Related violations: <none>

REQP-1615#2 Warning
use_IOB_register  
The FDCE cell test_i/pulse_gen_0/inst/strobe_2_reg has IOB set to TRUE, but does not connect directly to an IO cell. Remove the constraint or ensure the FDCE is properly connected to an IO.
Related violations: <none>

REQP-1615#3 Warning
use_IOB_register  
The FDCE cell test_i/sync_0/inst/r0_YB_reg has IOB set to TRUE, but does not connect directly to an IO cell. Remove the constraint or ensure the FDCE is properly connected to an IO.
Related violations: <none>

RTSTAT-10#1 Warning
No routable loads  
30 net(s) have no routable loads. The problem bus(es) and/or net(s) are test_i/smartconnect_0/inst/m00_nodes/m00_aw_node/inst/mi_handler_m_sc_areset_pipe,
test_i/smartconnect_0/inst/m00_nodes/m00_r_node/inst/mi_handler_m_sc_areset_pipe,
test_i/smartconnect_0/inst/m01_nodes/m01_ar_node/inst/mi_handler_m_sc_areset_pipe,
test_i/smartconnect_0/inst/m01_nodes/m01_aw_node/inst/mi_handler_m_sc_areset_pipe,
test_i/smartconnect_0/inst/m01_nodes/m01_b_node/inst/mi_handler_m_sc_areset_pipe,
test_i/smartconnect_0/inst/m01_nodes/m01_w_node/inst/mi_handler_m_sc_areset_pipe,
test_i/smartconnect_0/inst/m02_nodes/m02_ar_node/inst/mi_handler_m_sc_areset_pipe,
test_i/smartconnect_0/inst/m02_nodes/m02_b_node/inst/mi_handler_m_sc_areset_pipe,
test_i/smartconnect_0/inst/m02_nodes/m02_w_node/inst/mi_handler_m_sc_areset_pipe,
test_i/smartconnect_0/inst/m03_nodes/m03_ar_node/inst/mi_handler_m_sc_areset_pipe,
test_i/smartconnect_0/inst/m03_nodes/m03_w_node/inst/mi_handler_m_sc_areset_pipe,
test_i/smartconnect_0/inst/m04_nodes/m04_b_node/inst/mi_handler_m_sc_areset_pipe,
test_i/smartconnect_0/inst/m04_nodes/m04_r_node/inst/mi_handler_m_sc_areset_pipe,
test_i/smartconnect_0/inst/m04_nodes/m04_w_node/inst/mi_handler_m_sc_areset_pipe,
test_i/smartconnect_0/inst/s00_nodes/s00_ar_node/inst/mi_handler_m_sc_areset_pipe
 (the first 15 of 30 listed nets/buses).
Related violations: <none>


