Copyright 1986-2022 Xilinx, Inc. All Rights Reserved. Copyright 2022-2025 Advanced Micro Devices, Inc. All Rights Reserved.
---------------------------------------------------------------------------------------------------------------------------------------------
| Tool Version : Vivado v.2024.2.2 (win64) Build 6060944 Thu Mar 06 19:10:01 MST 2025
| Date         : Mon May  4 09:24:32 2026
| Host         : MSN running 64-bit major release  (build 9200)
| Command      : report_control_sets -verbose -file test_wrapper_control_sets_placed.rpt
| Design       : test_wrapper
| Device       : xc7z020
---------------------------------------------------------------------------------------------------------------------------------------------

Control Set Information

Table of Contents
-----------------
1. Summary
2. Histogram
3. Flip-Flop Distribution
4. Detailed Control Set Information

1. Summary
----------

+----------------------------------------------------------+-------+
|                          Status                          | Count |
+----------------------------------------------------------+-------+
| Total control sets                                       |    16 |
|    Minimum number of control sets                        |    16 |
|    Addition due to synthesis replication                 |     0 |
|    Addition due to physical synthesis replication        |     0 |
| Unused register locations in slices containing registers |    45 |
+----------------------------------------------------------+-------+
* Control sets can be merged at opt_design using control_set_merge or merge_equivalent_drivers
** Run report_qor_suggestions for automated merging and remapping suggestions


2. Histogram
------------

+--------------------+-------+
|       Fanout       | Count |
+--------------------+-------+
| Total control sets |    16 |
| >= 0 to < 4        |     1 |
| >= 4 to < 6        |     2 |
| >= 6 to < 8        |     0 |
| >= 8 to < 10       |     0 |
| >= 10 to < 12      |     2 |
| >= 12 to < 14      |     0 |
| >= 14 to < 16      |     0 |
| >= 16              |    11 |
+--------------------+-------+
* Control sets can be remapped at either synth_design or opt_design


3. Flip-Flop Distribution
-------------------------

+--------------+-----------------------+------------------------+-----------------+--------------+
| Clock Enable | Synchronous Set/Reset | Asynchronous Set/Reset | Total Registers | Total Slices |
+--------------+-----------------------+------------------------+-----------------+--------------+
| No           | No                    | No                     |               0 |            0 |
| No           | No                    | Yes                    |              39 |           24 |
| No           | Yes                   | No                     |               0 |            0 |
| Yes          | No                    | No                     |               0 |            0 |
| Yes          | No                    | Yes                    |             348 |          112 |
| Yes          | Yes                   | No                     |               0 |            0 |
+--------------+-----------------------+------------------------+-----------------+--------------+


4. Detailed Control Set Information
-----------------------------------

+---------------------------------------------+------------------------------------------------+------------------------------------------------+------------------+----------------+--------------+
|                 Clock Signal                |                  Enable Signal                 |                Set/Reset Signal                | Slice Load Count | Bel Load Count | Bels / Slice |
+---------------------------------------------+------------------------------------------------+------------------------------------------------+------------------+----------------+--------------+
|  test_i/processing_system7_0/inst/FCLK_CLK0 |                                                | test_i/pulse_gen_0/inst/time_dis[31]_i_3_n_0   |                2 |              2 |         1.00 |
|  test_i/processing_system7_0/inst/FCLK_CLK0 |                                                | test_i/target_0/inst/pulse_target_i_2_n_0      |                3 |              4 |         1.33 |
|  test_i/processing_system7_0/inst/FCLK_CLK0 |                                                | test_i/controller_0/inst/spd_width[31]_i_3_n_0 |                5 |              5 |         1.00 |
|  test_i/clk_wiz_0/inst/clk_out1             | test_i/discriminator_0/inst/win_cnt[9]_i_1_n_0 | test_i/discriminator_0/inst/error[31]_i_2_n_0  |                3 |             10 |         3.33 |
|  test_i/clk_wiz_0/inst/clk_out1             |                                                | test_i/discriminator_0/inst/error[31]_i_2_n_0  |                7 |             11 |         1.57 |
|  test_i/processing_system7_0/inst/FCLK_CLK0 | test_i/controller_0/inst/lock_cnt_0            | test_i/controller_0/inst/spd_width[31]_i_3_n_0 |                4 |             16 |         4.00 |
|  test_i/processing_system7_0/inst/FCLK_CLK0 | test_i/controller_0/inst/loss_cnt_1            | test_i/controller_0/inst/spd_width[31]_i_3_n_0 |                6 |             16 |         2.67 |
|  test_i/processing_system7_0/inst/FCLK_CLK0 |                                                | test_i/sync_0/inst/period_cnt[16]_i_2_n_0      |                7 |             17 |         2.43 |
|  test_i/processing_system7_0/inst/FCLK_CLK0 | test_i/pulse_gen_0/inst/r0_yb_rise             | test_i/pulse_gen_0/inst/time_dis[31]_i_3_n_0   |               12 |             17 |         1.42 |
|  test_i/processing_system7_0/inst/FCLK_CLK0 | test_i/target_0/inst/frame_cnt[0]_i_1_n_0      | test_i/target_0/inst/pulse_target_i_2_n_0      |                5 |             17 |         3.40 |
|  test_i/clk_wiz_0/inst/clk_out1             | test_i/discriminator_0/inst/cnt1[0]_i_1_n_0    | test_i/discriminator_0/inst/error[31]_i_2_n_0  |                8 |             32 |         4.00 |
|  test_i/clk_wiz_0/inst/clk_out1             | test_i/discriminator_0/inst/cnt2[0]_i_1_n_0    | test_i/discriminator_0/inst/error[31]_i_2_n_0  |                8 |             32 |         4.00 |
|  test_i/processing_system7_0/inst/FCLK_CLK0 | test_i/pulse_gen_0/inst/frame_cnt[0]_i_1_n_0   | test_i/pulse_gen_0/inst/time_dis[31]_i_3_n_0   |                8 |             32 |         4.00 |
|  test_i/processing_system7_0/inst/FCLK_CLK0 | test_i/controller_0/inst/spd_width[31]_i_1_n_0 | test_i/controller_0/inst/spd_width[31]_i_3_n_0 |               14 |             32 |         2.29 |
|  test_i/processing_system7_0/inst/FCLK_CLK0 | test_i/target_0/inst/sync_rise                 | test_i/target_0/inst/pulse_target_i_2_n_0      |               18 |             48 |         2.67 |
|  test_i/clk_wiz_0/inst/clk_out1             | test_i/discriminator_0/inst/window_finish      | test_i/discriminator_0/inst/error[31]_i_2_n_0  |               26 |             96 |         3.69 |
+---------------------------------------------+------------------------------------------------+------------------------------------------------+------------------+----------------+--------------+


