#-----------------------------------------------------------
# Vivado v2024.2.2 (64-bit)
# SW Build 6060944 on Thu Mar 06 19:10:01 MST 2025
# IP Build 6050500 on Thu Mar  6 23:33:39 MST 2025
# SharedData Build 6060542 on Thu Mar 06 10:31:07 MST 2025
# Start of session at: Mon May  4 10:25:34 2026
# Process ID         : 24300
# Current directory  : D:/Nhung/FPGA/Track/Track.runs/test_target_0_0_synth_1
# Command line       : vivado.exe -log test_target_0_0.vds -product Vivado -mode batch -messageDb vivado.pb -notrace -source test_target_0_0.tcl
# Log file           : D:/Nhung/FPGA/Track/Track.runs/test_target_0_0_synth_1/test_target_0_0.vds
# Journal file       : D:/Nhung/FPGA/Track/Track.runs/test_target_0_0_synth_1\vivado.jou
# Running On         : MSN
# Platform           : Windows Server 2016 or Windows 10
# Operating System   : 26200
# Processor Detail   : AMD Ryzen 5 5500U with Radeon Graphics         
# CPU Frequency      : 2096 MHz
# CPU Physical cores : 6
# CPU Logical cores  : 12
# Host memory        : 16497 MB
# Swap memory        : 11811 MB
# Total Virtual      : 28309 MB
# Available Virtual  : 5770 MB
#-----------------------------------------------------------
source test_target_0_0.tcl -notrace
